
*** Running vivado
    with args -log xfft_0.vds -m64 -product Vivado -mode batch -messageDb vivado.pb -notrace -source xfft_0.tcl


****** Vivado v2025.1 (64-bit)
  **** SW Build 6140274 on Wed May 21 22:58:25 MDT 2025
  **** IP Build 6138677 on Thu May 22 03:10:11 MDT 2025
  **** SharedData Build 6139179 on Tue May 20 17:58:58 MDT 2025
  **** Start of session at: Mon May 25 20:30:12 2026
    ** Copyright 1986-2022 Xilinx, Inc. All Rights Reserved.
    ** Copyright 2022-2025 Advanced Micro Devices, Inc. All Rights Reserved.

source xfft_0.tcl -notrace
Command: synth_design -top xfft_0 -part xc7a35tcpg236-1 -incremental_mode off -mode out_of_context
Starting synth_design
Attempting to get a license for feature 'Synthesis' and/or device 'xc7a35t'
INFO: [Common 17-349] Got license for feature 'Synthesis' and/or device 'xc7a35t'
INFO: [Device 21-403] Loading part xc7a35tcpg236-1
INFO: [Synth 8-7079] Multithreading enabled for synth_design using a maximum of 7 processes.
INFO: [Synth 8-7078] Launching helper process for spawning children vivado processes
INFO: [Synth 8-7075] Helper process launched with PID 73008
---------------------------------------------------------------------------------
Starting RTL Elaboration : Time (s): cpu = 00:00:07 ; elapsed = 00:00:09 . Memory (MB): peak = 2109.727 ; gain = 438.742 ; free physical = 235 ; free virtual = 13845
---------------------------------------------------------------------------------
INFO: [Synth 8-638] synthesizing module 'xfft_0' [/home/Sol/vhdl_guitar_pedal/hdl/vhdl_guitar_pedal.gen/sources_1/ip/xfft_0/synth/xfft_0.vhd:81]
	Parameter C_XDEVICEFAMILY bound to: artix7 - type: string 
	Parameter C_PART bound to: xc7a35tcpg236-1 - type: string 
	Parameter C_S_AXIS_CONFIG_TDATA_WIDTH bound to: 24 - type: integer 
	Parameter C_S_AXIS_DATA_TDATA_WIDTH bound to: 48 - type: integer 
	Parameter C_M_AXIS_DATA_TDATA_WIDTH bound to: 48 - type: integer 
	Parameter C_M_AXIS_DATA_TUSER_WIDTH bound to: 16 - type: integer 
	Parameter C_M_AXIS_STATUS_TDATA_WIDTH bound to: 1 - type: integer 
	Parameter C_THROTTLE_SCHEME bound to: 0 - type: integer 
	Parameter C_NSSR bound to: 1 - type: integer 
	Parameter C_CHANNELS bound to: 1 - type: integer 
	Parameter C_NFFT_MAX bound to: 10 - type: integer 
	Parameter C_ARCH bound to: 2 - type: integer 
	Parameter C_HAS_NFFT bound to: 0 - type: integer 
	Parameter C_USE_FLT_PT bound to: 0 - type: integer 
	Parameter C_INPUT_WIDTH bound to: 24 - type: integer 
	Parameter C_TWIDDLE_WIDTH bound to: 24 - type: integer 
	Parameter C_OUTPUT_WIDTH bound to: 24 - type: integer 
	Parameter C_HAS_SCALING bound to: 1 - type: integer 
	Parameter C_HAS_BFP bound to: 0 - type: integer 
	Parameter C_HAS_ROUNDING bound to: 1 - type: integer 
	Parameter C_HAS_ACLKEN bound to: 0 - type: integer 
	Parameter C_HAS_ARESETN bound to: 1 - type: integer 
	Parameter C_HAS_OVFLO bound to: 0 - type: integer 
	Parameter C_HAS_NATURAL_INPUT bound to: 1 - type: integer 
	Parameter C_HAS_NATURAL_OUTPUT bound to: 1 - type: integer 
	Parameter C_HAS_CYCLIC_PREFIX bound to: 0 - type: integer 
	Parameter C_HAS_XK_INDEX bound to: 1 - type: integer 
	Parameter C_DATA_MEM_TYPE bound to: 1 - type: integer 
	Parameter C_TWIDDLE_MEM_TYPE bound to: 1 - type: integer 
	Parameter C_BRAM_STAGES bound to: 0 - type: integer 
	Parameter C_REORDER_MEM_TYPE bound to: 1 - type: integer 
	Parameter C_USE_HYBRID_RAM bound to: 1 - type: integer 
	Parameter C_OPTIMIZE_GOAL bound to: 0 - type: integer 
	Parameter C_CMPY_TYPE bound to: 2 - type: integer 
	Parameter C_BFLY_TYPE bound to: 0 - type: integer 
	Parameter C_SYSTOLICFFT_INV bound to: 0 - type: integer 
	Parameter C_IS_BLOCKING_RUNTIME_CONF bound to: 0 - type: integer 
INFO: [Synth 8-3491] module 'xfft_v9_1_14' declared at '/home/Sol/vhdl_guitar_pedal/hdl/vhdl_guitar_pedal.gen/sources_1/ip/xfft_0/hdl/xfft_v9_1_vh_rfs.vhd:103919' bound to instance 'U0' of component 'xfft_v9_1_14' [/home/Sol/vhdl_guitar_pedal/hdl/vhdl_guitar_pedal.gen/sources_1/ip/xfft_0/synth/xfft_0.vhd:198]
INFO: [Synth 8-256] done synthesizing module 'xfft_0' (0#1) [/home/Sol/vhdl_guitar_pedal/hdl/vhdl_guitar_pedal.gen/sources_1/ip/xfft_0/synth/xfft_0.vhd:81]
WARNING: [Synth 8-7129] Port clk in module c_addsub_v12_0_20_lut6_legacy__parameterized11 is either unconnected or has no load
WARNING: [Synth 8-7129] Port add in module c_addsub_v12_0_20_lut6_legacy__parameterized11 is either unconnected or has no load
WARNING: [Synth 8-7129] Port c_in in module c_addsub_v12_0_20_lut6_legacy__parameterized11 is either unconnected or has no load
WARNING: [Synth 8-7129] Port ce in module c_addsub_v12_0_20_lut6_legacy__parameterized11 is either unconnected or has no load
WARNING: [Synth 8-7129] Port bypass in module c_addsub_v12_0_20_lut6_legacy__parameterized11 is either unconnected or has no load
WARNING: [Synth 8-7129] Port aclr in module c_addsub_v12_0_20_lut6_legacy__parameterized11 is either unconnected or has no load
WARNING: [Synth 8-7129] Port aset in module c_addsub_v12_0_20_lut6_legacy__parameterized11 is either unconnected or has no load
WARNING: [Synth 8-7129] Port ainit in module c_addsub_v12_0_20_lut6_legacy__parameterized11 is either unconnected or has no load
WARNING: [Synth 8-7129] Port sclr in module c_addsub_v12_0_20_lut6_legacy__parameterized11 is either unconnected or has no load
WARNING: [Synth 8-7129] Port sset in module c_addsub_v12_0_20_lut6_legacy__parameterized11 is either unconnected or has no load
WARNING: [Synth 8-7129] Port sinit in module c_addsub_v12_0_20_lut6_legacy__parameterized11 is either unconnected or has no load
WARNING: [Synth 8-7129] Port c_in in module c_addsub_v12_0_20_legacy__parameterized11 is either unconnected or has no load
WARNING: [Synth 8-7129] Port b_in in module c_addsub_v12_0_20_legacy__parameterized11 is either unconnected or has no load
WARNING: [Synth 8-7129] Port a_signed in module c_addsub_v12_0_20_legacy__parameterized11 is either unconnected or has no load
WARNING: [Synth 8-7129] Port b_signed in module c_addsub_v12_0_20_legacy__parameterized11 is either unconnected or has no load
WARNING: [Synth 8-7129] Port C_IN in module c_addsub_v12_0_20_viv__parameterized5 is either unconnected or has no load
WARNING: [Synth 8-7129] Port Q1 in module shift_ram__parameterized18 is either unconnected or has no load
WARNING: [Synth 8-7129] Port D1 in module shift_ram__parameterized18 is either unconnected or has no load
WARNING: [Synth 8-7129] Port COMBI_SCLR in module shift_ram__parameterized18 is either unconnected or has no load
WARNING: [Synth 8-7129] Port DEPTHx2 in module shift_ram__parameterized18 is either unconnected or has no load
WARNING: [Synth 8-7129] Port clk in module logic_gate__parameterized5 is either unconnected or has no load
WARNING: [Synth 8-7129] Port ce in module logic_gate__parameterized5 is either unconnected or has no load
WARNING: [Synth 8-7129] Port clk in module logic_gate__parameterized4 is either unconnected or has no load
WARNING: [Synth 8-7129] Port ce in module logic_gate__parameterized4 is either unconnected or has no load
WARNING: [Synth 8-7129] Port LUT_SCLR in module mux_bus4__parameterized1 is either unconnected or has no load
WARNING: [Synth 8-7129] Port AINIT in module c_reg_fd_v12_0_10_viv__parameterized2 is either unconnected or has no load
WARNING: [Synth 8-7129] Port ACLR in module c_reg_fd_v12_0_10_viv__parameterized2 is either unconnected or has no load
WARNING: [Synth 8-7129] Port ASET in module c_reg_fd_v12_0_10_viv__parameterized2 is either unconnected or has no load
WARNING: [Synth 8-7129] Port SINIT in module c_reg_fd_v12_0_10_viv__parameterized2 is either unconnected or has no load
WARNING: [Synth 8-7129] Port SCLR in module c_reg_fd_v12_0_10_viv__parameterized2 is either unconnected or has no load
WARNING: [Synth 8-7129] Port SSET in module c_reg_fd_v12_0_10_viv__parameterized2 is either unconnected or has no load
WARNING: [Synth 8-7129] Port add in module c_addsub_v12_0_20_lut6_legacy__parameterized9 is either unconnected or has no load
WARNING: [Synth 8-7129] Port c_in in module c_addsub_v12_0_20_lut6_legacy__parameterized9 is either unconnected or has no load
WARNING: [Synth 8-7129] Port bypass in module c_addsub_v12_0_20_lut6_legacy__parameterized9 is either unconnected or has no load
WARNING: [Synth 8-7129] Port sclr in module c_addsub_v12_0_20_lut6_legacy__parameterized9 is either unconnected or has no load
WARNING: [Synth 8-7129] Port sset in module c_addsub_v12_0_20_lut6_legacy__parameterized9 is either unconnected or has no load
WARNING: [Synth 8-7129] Port sinit in module c_addsub_v12_0_20_lut6_legacy__parameterized9 is either unconnected or has no load
WARNING: [Synth 8-7129] Port c_in in module c_addsub_v12_0_20_legacy__parameterized9 is either unconnected or has no load
WARNING: [Synth 8-7129] Port b_in in module c_addsub_v12_0_20_legacy__parameterized9 is either unconnected or has no load
WARNING: [Synth 8-7129] Port a_signed in module c_addsub_v12_0_20_legacy__parameterized9 is either unconnected or has no load
WARNING: [Synth 8-7129] Port b_signed in module c_addsub_v12_0_20_legacy__parameterized9 is either unconnected or has no load
WARNING: [Synth 8-7129] Port C_IN in module c_addsub_v12_0_20_viv__parameterized4 is either unconnected or has no load
WARNING: [Synth 8-7129] Port add in module c_addsub_v12_0_20_lut6_legacy__parameterized7 is either unconnected or has no load
WARNING: [Synth 8-7129] Port c_in in module c_addsub_v12_0_20_lut6_legacy__parameterized7 is either unconnected or has no load
WARNING: [Synth 8-7129] Port bypass in module c_addsub_v12_0_20_lut6_legacy__parameterized7 is either unconnected or has no load
WARNING: [Synth 8-7129] Port sclr in module c_addsub_v12_0_20_lut6_legacy__parameterized7 is either unconnected or has no load
WARNING: [Synth 8-7129] Port sset in module c_addsub_v12_0_20_lut6_legacy__parameterized7 is either unconnected or has no load
WARNING: [Synth 8-7129] Port sinit in module c_addsub_v12_0_20_lut6_legacy__parameterized7 is either unconnected or has no load
WARNING: [Synth 8-7129] Port c_in in module c_addsub_v12_0_20_legacy__parameterized7 is either unconnected or has no load
WARNING: [Synth 8-7129] Port b_in in module c_addsub_v12_0_20_legacy__parameterized7 is either unconnected or has no load
WARNING: [Synth 8-7129] Port a_signed in module c_addsub_v12_0_20_legacy__parameterized7 is either unconnected or has no load
WARNING: [Synth 8-7129] Port b_signed in module c_addsub_v12_0_20_legacy__parameterized7 is either unconnected or has no load
WARNING: [Synth 8-7129] Port C_IN in module c_addsub_v12_0_20_viv__parameterized3 is either unconnected or has no load
WARNING: [Synth 8-7129] Port CLK in module cmpy_v6_0_26_delay_line__parameterized6 is either unconnected or has no load
WARNING: [Synth 8-7129] Port CE in module cmpy_v6_0_26_delay_line__parameterized6 is either unconnected or has no load
WARNING: [Synth 8-7129] Port SCLR in module cmpy_v6_0_26_delay_line__parameterized6 is either unconnected or has no load
WARNING: [Synth 8-7129] Port SCLR in module cmpy_v6_0_26_delay_line__parameterized4 is either unconnected or has no load
WARNING: [Synth 8-7129] Port SCLR in module cmpy_v6_0_26_delay_line__parameterized5 is either unconnected or has no load
WARNING: [Synth 8-7129] Port SCLR in module cmpy_v6_0_26_delay_line__parameterized3 is either unconnected or has no load
WARNING: [Synth 8-7129] Port SCLR in module cmpy_v6_0_26_delay_line__parameterized2 is either unconnected or has no load
WARNING: [Synth 8-7129] Port CLK in module cmpy_v6_0_26_delay_line__parameterized1 is either unconnected or has no load
WARNING: [Synth 8-7129] Port CE in module cmpy_v6_0_26_delay_line__parameterized1 is either unconnected or has no load
WARNING: [Synth 8-7129] Port SCLR in module cmpy_v6_0_26_delay_line__parameterized1 is either unconnected or has no load
WARNING: [Synth 8-7129] Port SCLR in module cmpy_v6_0_26_delay_line__parameterized0 is either unconnected or has no load
WARNING: [Synth 8-7129] Port CLK in module cmpy_v6_0_26_delay_line is either unconnected or has no load
WARNING: [Synth 8-7129] Port CE in module cmpy_v6_0_26_delay_line is either unconnected or has no load
WARNING: [Synth 8-7129] Port SCLR in module cmpy_v6_0_26_delay_line is either unconnected or has no load
WARNING: [Synth 8-7129] Port ROUND_CY in module cmpy_4_dsp48_mult is either unconnected or has no load
WARNING: [Synth 8-7129] Port SO_START in module cmpy_4_dsp48 is either unconnected or has no load
WARNING: [Synth 8-7129] Port SCLR in module cmpy_v6_0_26_synth is either unconnected or has no load
WARNING: [Synth 8-7129] Port ROUND_CY in module cmpy_v6_0_26_synth is either unconnected or has no load
WARNING: [Synth 8-7129] Port ACCUMULATOR_RESET in module cmpy_v6_0_26_synth is either unconnected or has no load
WARNING: [Synth 8-7129] Port IS_VALID in module cmpy_v6_0_26_synth is either unconnected or has no load
WARNING: [Synth 8-7129] Port round_cy in module cmpy is either unconnected or has no load
WARNING: [Synth 8-7129] Port Q1 in module shift_ram__parameterized17 is either unconnected or has no load
WARNING: [Synth 8-7129] Port D1 in module shift_ram__parameterized17 is either unconnected or has no load
WARNING: [Synth 8-7129] Port COMBI_SCLR in module shift_ram__parameterized17 is either unconnected or has no load
WARNING: [Synth 8-7129] Port DEPTHx2 in module shift_ram__parameterized17 is either unconnected or has no load
WARNING: [Synth 8-7129] Port Q1 in module shift_ram__parameterized16 is either unconnected or has no load
WARNING: [Synth 8-7129] Port D1 in module shift_ram__parameterized16 is either unconnected or has no load
WARNING: [Synth 8-7129] Port CLK in module shift_ram__parameterized16 is either unconnected or has no load
WARNING: [Synth 8-7129] Port CE in module shift_ram__parameterized16 is either unconnected or has no load
WARNING: [Synth 8-7129] Port SCLR in module shift_ram__parameterized16 is either unconnected or has no load
WARNING: [Synth 8-7129] Port COMBI_SCLR in module shift_ram__parameterized16 is either unconnected or has no load
WARNING: [Synth 8-7129] Port DEPTHx2 in module shift_ram__parameterized16 is either unconnected or has no load
WARNING: [Synth 8-7129] Port Q[15] in module shift_ram__parameterized15 is either unconnected or has no load
WARNING: [Synth 8-7129] Port Q[14] in module shift_ram__parameterized15 is either unconnected or has no load
WARNING: [Synth 8-7129] Port Q[13] in module shift_ram__parameterized15 is either unconnected or has no load
WARNING: [Synth 8-7129] Port Q[12] in module shift_ram__parameterized15 is either unconnected or has no load
WARNING: [Synth 8-7129] Port Q[11] in module shift_ram__parameterized15 is either unconnected or has no load
WARNING: [Synth 8-7129] Port Q[10] in module shift_ram__parameterized15 is either unconnected or has no load
WARNING: [Synth 8-7129] Port Q[9] in module shift_ram__parameterized15 is either unconnected or has no load
WARNING: [Synth 8-7129] Port Q[8] in module shift_ram__parameterized15 is either unconnected or has no load
WARNING: [Synth 8-7129] Port Q[7] in module shift_ram__parameterized15 is either unconnected or has no load
WARNING: [Synth 8-7129] Port Q[6] in module shift_ram__parameterized15 is either unconnected or has no load
WARNING: [Synth 8-7129] Port Q[5] in module shift_ram__parameterized15 is either unconnected or has no load
WARNING: [Synth 8-7129] Port Q[4] in module shift_ram__parameterized15 is either unconnected or has no load
WARNING: [Synth 8-7129] Port Q[3] in module shift_ram__parameterized15 is either unconnected or has no load
WARNING: [Synth 8-7129] Port Q[2] in module shift_ram__parameterized15 is either unconnected or has no load
WARNING: [Synth 8-7129] Port Q[1] in module shift_ram__parameterized15 is either unconnected or has no load
INFO: [Common 17-14] Message 'Synth 8-7129' appears 100 times and further instances of the messages will be disabled. Use the Tcl command set_msg_config to change the current settings.
---------------------------------------------------------------------------------
Finished RTL Elaboration : Time (s): cpu = 00:00:29 ; elapsed = 00:00:32 . Memory (MB): peak = 2784.234 ; gain = 1113.250 ; free physical = 247 ; free virtual = 12865
---------------------------------------------------------------------------------
---------------------------------------------------------------------------------
Start Handling Custom Attributes
---------------------------------------------------------------------------------
---------------------------------------------------------------------------------
Finished Handling Custom Attributes : Time (s): cpu = 00:00:29 ; elapsed = 00:00:32 . Memory (MB): peak = 2784.234 ; gain = 1113.250 ; free physical = 246 ; free virtual = 12864
---------------------------------------------------------------------------------
---------------------------------------------------------------------------------
Finished RTL Optimization Phase 1 : Time (s): cpu = 00:00:29 ; elapsed = 00:00:32 . Memory (MB): peak = 2784.234 ; gain = 1113.250 ; free physical = 246 ; free virtual = 12864
---------------------------------------------------------------------------------
WARNING: [Synth 37-28] Duplicate attribute 'max_fanout' found for instance 'use_dist_ram.distributed_ram' of module 'dist_mem'.
Resolution: Check your design sources near the definition of the module or any related 'include files, looking for duplicate definitions with different values.
Netlist sorting complete. Time (s): cpu = 00:00:00.06 ; elapsed = 00:00:00.05 . Memory (MB): peak = 2784.234 ; gain = 0.000 ; free physical = 248 ; free virtual = 12868
INFO: [Netlist 29-17] Analyzing 895 Unisim elements for replacement
INFO: [Netlist 29-28] Unisim Transformation completed in 0 CPU seconds
INFO: [Project 1-570] Preparing netlist for logic optimization

Processing XDC Constraints
Initializing timing engine
Parsing XDC File [/home/Sol/vhdl_guitar_pedal/hdl/vhdl_guitar_pedal.gen/sources_1/ip/xfft_0/xfft_0_ooc.xdc] for cell 'U0'
Finished Parsing XDC File [/home/Sol/vhdl_guitar_pedal/hdl/vhdl_guitar_pedal.gen/sources_1/ip/xfft_0/xfft_0_ooc.xdc] for cell 'U0'
Parsing XDC File [/home/Sol/vhdl_guitar_pedal/hdl/vhdl_guitar_pedal.runs/xfft_0_synth_1/dont_touch.xdc]
Finished Parsing XDC File [/home/Sol/vhdl_guitar_pedal/hdl/vhdl_guitar_pedal.runs/xfft_0_synth_1/dont_touch.xdc]
Completed Processing XDC Constraints

Netlist sorting complete. Time (s): cpu = 00:00:00 ; elapsed = 00:00:00.01 . Memory (MB): peak = 2824.254 ; gain = 0.000 ; free physical = 245 ; free virtual = 12829
INFO: [Project 1-111] Unisim Transformation Summary:
  A total of 298 instances were transformed.
  FDE => FDRE: 202 instances
  RAM128X1D => RAM128X1D (MUXF7(x2), RAMD64E(x4)): 96 instances

Constraint Validation Runtime : Time (s): cpu = 00:00:00.13 ; elapsed = 00:00:00.07 . Memory (MB): peak = 2824.289 ; gain = 0.000 ; free physical = 245 ; free virtual = 12829
INFO: [Designutils 20-5008] Incremental synthesis strategy off
---------------------------------------------------------------------------------
Finished Constraint Validation : Time (s): cpu = 00:00:36 ; elapsed = 00:00:39 . Memory (MB): peak = 2824.289 ; gain = 1153.305 ; free physical = 246 ; free virtual = 12825
---------------------------------------------------------------------------------
---------------------------------------------------------------------------------
Start Loading Part and Timing Information
---------------------------------------------------------------------------------
Loading part: xc7a35tcpg236-1
---------------------------------------------------------------------------------
Finished Loading Part and Timing Information : Time (s): cpu = 00:00:36 ; elapsed = 00:00:39 . Memory (MB): peak = 2832.258 ; gain = 1161.273 ; free physical = 246 ; free virtual = 12825
---------------------------------------------------------------------------------
---------------------------------------------------------------------------------
Start Applying 'set_property' XDC Constraints
---------------------------------------------------------------------------------
---------------------------------------------------------------------------------
Finished applying 'set_property' XDC Constraints : Time (s): cpu = 00:00:36 ; elapsed = 00:00:39 . Memory (MB): peak = 2832.258 ; gain = 1161.273 ; free physical = 246 ; free virtual = 12825
---------------------------------------------------------------------------------
---------------------------------------------------------------------------------
Finished RTL Optimization Phase 2 : Time (s): cpu = 00:00:37 ; elapsed = 00:00:40 . Memory (MB): peak = 2832.258 ; gain = 1161.273 ; free physical = 240 ; free virtual = 12820
---------------------------------------------------------------------------------
---------------------------------------------------------------------------------
Start RTL Component Statistics 
---------------------------------------------------------------------------------
---------------------------------------------------------------------------------
Finished RTL Component Statistics 
---------------------------------------------------------------------------------
---------------------------------------------------------------------------------
Start Part Resource Summary
---------------------------------------------------------------------------------
Part Resources:
DSPs: 90 (col length:60)
BRAMs: 100 (col length: RAMB18 60 RAMB36 30)
---------------------------------------------------------------------------------
Finished Part Resource Summary
---------------------------------------------------------------------------------
---------------------------------------------------------------------------------
Start Cross Boundary and Area Optimization
---------------------------------------------------------------------------------
WARNING: [Synth 8-7080] Parallel synthesis criteria is not met
WARNING: [Synth 8-6040] Register sin_addr_2s_comp/use_output_reg.D_OUT_reg driving address of a ROM cannot be packed in BRAM/URAM because of presence of initial value.
WARNING: [Synth 8-6040] Register cos_addr_2s_comp/use_output_reg.D_OUT_reg driving address of a ROM cannot be packed in BRAM/URAM because of presence of initial value.
INFO: [Synth 8-3332] Sequential element (non_native_flt_non_ssr_fft.xfft_inst/non_floating_point.arch_c.xfft_inst/control/twiddle_address_generator/n1024.mux10/use_mux16.use_lut6.sixteen_to_one_mux[9].use_output_reg_and_pipe_reg.reg0) is unused and will be removed from module xfft_v9_1_14_viv.
INFO: [Synth 8-3332] Sequential element (non_native_flt_non_ssr_fft.xfft_inst/non_floating_point.arch_c.xfft_inst/control/twiddle_address_generator/n1024.mux10/use_mux16.use_lut6.sixteen_to_one_mux[9].use_output_reg_and_pipe_reg.reg1) is unused and will be removed from module xfft_v9_1_14_viv.
INFO: [Synth 8-3332] Sequential element (non_native_flt_non_ssr_fft.xfft_inst/non_floating_point.arch_c.xfft_inst/control/cntrl/max_rank_flops[2].max_rank_ff) is unused and will be removed from module xfft_v9_1_14_viv.
INFO: [Synth 8-3332] Sequential element (non_native_flt_non_ssr_fft.xfft_inst/non_floating_point.arch_c.xfft_inst/control/cntrl/max_rank_flops[1].max_rank_ff) is unused and will be removed from module xfft_v9_1_14_viv.
INFO: [Synth 8-3332] Sequential element (non_native_flt_non_ssr_fft.xfft_inst/non_floating_point.arch_c.xfft_inst/control/cntrl/max_rank_flops[0].max_rank_ff) is unused and will be removed from module xfft_v9_1_14_viv.
INFO: [Synth 8-3332] Sequential element (need_addra_addrb_delay.reg_loop[8].addra_reg) is unused and will be removed from module dist_mem__1.
INFO: [Synth 8-3332] Sequential element (need_addra_addrb_delay.reg_loop[7].addra_reg) is unused and will be removed from module dist_mem__1.
INFO: [Synth 8-3332] Sequential element (need_addra_addrb_delay.reg_loop[8].addra_reg) is unused and will be removed from module dist_mem.
INFO: [Synth 8-3332] Sequential element (need_addra_addrb_delay.reg_loop[7].addra_reg) is unused and will be removed from module dist_mem.
INFO: [Synth 8-3332] Sequential element (non_native_flt_non_ssr_fft.xfft_inst/non_floating_point.arch_c.xfft_inst/single_channel.datapath/pe/scale_gen.scaler_0r/scale_mux/four_inputs.use_lut6.no_lut_sclr.four_to_one_mux[31].latency1.reg) is unused and will be removed from module xfft_v9_1_14_viv.
INFO: [Synth 8-3332] Sequential element (non_native_flt_non_ssr_fft.xfft_inst/non_floating_point.arch_c.xfft_inst/single_channel.datapath/pe/scale_gen.scaler_0r/scale_mux/four_inputs.use_lut6.no_lut_sclr.four_to_one_mux[30].latency1.reg) is unused and will be removed from module xfft_v9_1_14_viv.
INFO: [Synth 8-3332] Sequential element (non_native_flt_non_ssr_fft.xfft_inst/non_floating_point.arch_c.xfft_inst/single_channel.datapath/pe/scale_gen.scaler_0i/scale_mux/four_inputs.use_lut6.no_lut_sclr.four_to_one_mux[31].latency1.reg) is unused and will be removed from module xfft_v9_1_14_viv.
INFO: [Synth 8-3332] Sequential element (non_native_flt_non_ssr_fft.xfft_inst/non_floating_point.arch_c.xfft_inst/single_channel.datapath/pe/scale_gen.scaler_0i/scale_mux/four_inputs.use_lut6.no_lut_sclr.four_to_one_mux[30].latency1.reg) is unused and will be removed from module xfft_v9_1_14_viv.
INFO: [Synth 8-3332] Sequential element (non_native_flt_non_ssr_fft.xfft_inst/non_floating_point.arch_c.xfft_inst/single_channel.datapath/pe/scale_gen.scaler_1r/scale_mux/four_inputs.use_lut6.no_lut_sclr.four_to_one_mux[31].latency1.reg) is unused and will be removed from module xfft_v9_1_14_viv.
INFO: [Synth 8-3332] Sequential element (non_native_flt_non_ssr_fft.xfft_inst/non_floating_point.arch_c.xfft_inst/single_channel.datapath/pe/scale_gen.scaler_1r/scale_mux/four_inputs.use_lut6.no_lut_sclr.four_to_one_mux[30].latency1.reg) is unused and will be removed from module xfft_v9_1_14_viv.
INFO: [Synth 8-3332] Sequential element (non_native_flt_non_ssr_fft.xfft_inst/non_floating_point.arch_c.xfft_inst/single_channel.datapath/pe/scale_gen.scaler_1i/scale_mux/four_inputs.use_lut6.no_lut_sclr.four_to_one_mux[31].latency1.reg) is unused and will be removed from module xfft_v9_1_14_viv.
INFO: [Synth 8-3332] Sequential element (non_native_flt_non_ssr_fft.xfft_inst/non_floating_point.arch_c.xfft_inst/single_channel.datapath/pe/scale_gen.scaler_1i/scale_mux/four_inputs.use_lut6.no_lut_sclr.four_to_one_mux[30].latency1.reg) is unused and will be removed from module xfft_v9_1_14_viv.
INFO: [Synth 8-3332] Sequential element (non_native_flt_non_ssr_fft.xfft_inst/non_floating_point.arch_c.xfft_inst/single_channel.datapath/pe/round.rounder_0r/reg_gate.delay_d_2/no_sclr_lut.real_shift_ram.use_baseblock.use_hlutnm_srls.srl_loop[0].i_fdre0) is unused and will be removed from module xfft_v9_1_14_viv.
INFO: [Synth 8-3332] Sequential element (non_native_flt_non_ssr_fft.xfft_inst/non_floating_point.arch_c.xfft_inst/single_channel.datapath/pe/round.rounder_0i/reg_gate.delay_d_2/no_sclr_lut.real_shift_ram.use_baseblock.use_hlutnm_srls.srl_loop[0].i_fdre0) is unused and will be removed from module xfft_v9_1_14_viv.
INFO: [Synth 8-3332] Sequential element (non_native_flt_non_ssr_fft.xfft_inst/non_floating_point.arch_c.xfft_inst/single_channel.datapath/pe/round.rounder_1r/reg_gate.delay_d_2/no_sclr_lut.real_shift_ram.use_baseblock.use_hlutnm_srls.srl_loop[0].i_fdre0) is unused and will be removed from module xfft_v9_1_14_viv.
INFO: [Synth 8-3332] Sequential element (non_native_flt_non_ssr_fft.xfft_inst/non_floating_point.arch_c.xfft_inst/single_channel.datapath/pe/round.rounder_1i/reg_gate.delay_d_2/no_sclr_lut.real_shift_ram.use_baseblock.use_hlutnm_srls.srl_loop[0].i_fdre0) is unused and will be removed from module xfft_v9_1_14_viv.
---------------------------------------------------------------------------------
Finished Cross Boundary and Area Optimization : Time (s): cpu = 00:00:39 ; elapsed = 00:00:42 . Memory (MB): peak = 2832.258 ; gain = 1161.273 ; free physical = 248 ; free virtual = 12818
---------------------------------------------------------------------------------
---------------------------------------------------------------------------------
Start Applying XDC Timing Constraints
---------------------------------------------------------------------------------
---------------------------------------------------------------------------------
Finished Applying XDC Timing Constraints : Time (s): cpu = 00:00:44 ; elapsed = 00:00:48 . Memory (MB): peak = 2832.258 ; gain = 1161.273 ; free physical = 213 ; free virtual = 12799
---------------------------------------------------------------------------------
---------------------------------------------------------------------------------
Start Timing Optimization
---------------------------------------------------------------------------------
---------------------------------------------------------------------------------
Finished Timing Optimization : Time (s): cpu = 00:00:45 ; elapsed = 00:00:48 . Memory (MB): peak = 2832.258 ; gain = 1161.273 ; free physical = 320 ; free virtual = 12830
---------------------------------------------------------------------------------
---------------------------------------------------------------------------------
Start Technology Mapping
---------------------------------------------------------------------------------
---------------------------------------------------------------------------------
Finished Technology Mapping : Time (s): cpu = 00:00:45 ; elapsed = 00:00:49 . Memory (MB): peak = 2832.258 ; gain = 1161.273 ; free physical = 317 ; free virtual = 12827
---------------------------------------------------------------------------------
---------------------------------------------------------------------------------
Start IO Insertion
---------------------------------------------------------------------------------
---------------------------------------------------------------------------------
Start Flattening Before IO Insertion
---------------------------------------------------------------------------------
---------------------------------------------------------------------------------
Finished Flattening Before IO Insertion
---------------------------------------------------------------------------------
---------------------------------------------------------------------------------
Start Final Netlist Cleanup
---------------------------------------------------------------------------------
---------------------------------------------------------------------------------
Finished Final Netlist Cleanup
---------------------------------------------------------------------------------
---------------------------------------------------------------------------------
Finished IO Insertion : Time (s): cpu = 00:00:48 ; elapsed = 00:00:52 . Memory (MB): peak = 2832.258 ; gain = 1161.273 ; free physical = 292 ; free virtual = 12844
---------------------------------------------------------------------------------
---------------------------------------------------------------------------------
Start Renaming Generated Instances
---------------------------------------------------------------------------------
---------------------------------------------------------------------------------
Finished Renaming Generated Instances : Time (s): cpu = 00:00:48 ; elapsed = 00:00:52 . Memory (MB): peak = 2832.258 ; gain = 1161.273 ; free physical = 292 ; free virtual = 12845
---------------------------------------------------------------------------------
---------------------------------------------------------------------------------
Start Rebuilding User Hierarchy
---------------------------------------------------------------------------------
---------------------------------------------------------------------------------
Finished Rebuilding User Hierarchy : Time (s): cpu = 00:00:49 ; elapsed = 00:00:52 . Memory (MB): peak = 2832.258 ; gain = 1161.273 ; free physical = 297 ; free virtual = 12852
---------------------------------------------------------------------------------
---------------------------------------------------------------------------------
Start Renaming Generated Ports
---------------------------------------------------------------------------------
---------------------------------------------------------------------------------
Finished Renaming Generated Ports : Time (s): cpu = 00:00:49 ; elapsed = 00:00:52 . Memory (MB): peak = 2832.258 ; gain = 1161.273 ; free physical = 297 ; free virtual = 12852
---------------------------------------------------------------------------------
---------------------------------------------------------------------------------
Start Handling Custom Attributes
---------------------------------------------------------------------------------
---------------------------------------------------------------------------------
Finished Handling Custom Attributes : Time (s): cpu = 00:00:49 ; elapsed = 00:00:52 . Memory (MB): peak = 2832.258 ; gain = 1161.273 ; free physical = 297 ; free virtual = 12852
---------------------------------------------------------------------------------
---------------------------------------------------------------------------------
Start Renaming Generated Nets
---------------------------------------------------------------------------------
---------------------------------------------------------------------------------
Finished Renaming Generated Nets : Time (s): cpu = 00:00:49 ; elapsed = 00:00:52 . Memory (MB): peak = 2832.258 ; gain = 1161.273 ; free physical = 297 ; free virtual = 12852
---------------------------------------------------------------------------------
---------------------------------------------------------------------------------
Start Writing Synthesis Report
---------------------------------------------------------------------------------

DSP Final Report (the ' indicates corresponding REG is set)
+------------------+-------------+--------+--------+--------+--------+--------+------+------+------+------+-------+------+------+
|Module Name       | DSP Mapping | A Size | B Size | C Size | D Size | P Size | AREG | BREG | CREG | DREG | ADREG | MREG | PREG | 
+------------------+-------------+--------+--------+--------+--------+--------+------+------+------+------+-------+------+------+
|cmpy_4_dsp48_mult | Dynamic     | -      | -      | -      | -      | 0      | -    | -    | -    | -    | -     | 1    | 1    | 
|cmpy_4_dsp48_mult | Dynamic     | -      | -      | -      | -      | 17     | -    | -    | -    | -    | -     | 1    | 1    | 
|cmpy_4_dsp48_mult | Dynamic     | -      | -      | -      | -      | 0      | -    | -    | -    | -    | -     | 1    | 1    | 
|cmpy_4_dsp48_mult | Dynamic     | -      | -      | -      | -      | 44     | -    | -    | -    | -    | 1     | 1    | 1    | 
|cmpy_4_dsp48_mult | Dynamic     | -      | -      | -      | -      | 0      | -    | -    | -    | -    | -     | 1    | 1    | 
|cmpy_4_dsp48_mult | Dynamic     | -      | -      | -      | -      | 17     | -    | -    | -    | -    | -     | 1    | 1    | 
|cmpy_4_dsp48_mult | Dynamic     | -      | -      | -      | -      | 0      | -    | -    | -    | -    | -     | 1    | 1    | 
|cmpy_4_dsp48_mult | Dynamic     | -      | -      | -      | -      | 44     | -    | -    | -    | -    | 1     | 1    | 1    | 
+------------------+-------------+--------+--------+--------+--------+--------+------+------+------+------+-------+------+------+


Report BlackBoxes: 
+-+--------------+----------+
| |BlackBox name |Instances |
+-+--------------+----------+
+-+--------------+----------+

Report Cell Usage: 
+------+----------+------+
|      |Cell      |Count |
+------+----------+------+
|1     |DSP48E1   |     8|
|5     |LUT1      |    32|
|6     |LUT2      |   127|
|7     |LUT3      |   248|
|8     |LUT4      |    44|
|9     |LUT5      |    26|
|10    |LUT6      |   381|
|11    |MUXCY     |   270|
|12    |MUXF7     |    36|
|13    |MUXF8     |    18|
|14    |RAM128X1D |    96|
|15    |RAMB18E1  |     4|
|17    |SRL16E    |   237|
|18    |SRLC32E   |     2|
|19    |XORCY     |   260|
|20    |FDE       |   195|
|21    |FDRE      |  1495|
|22    |FDSE      |    17|
+------+----------+------+
---------------------------------------------------------------------------------
Finished Writing Synthesis Report : Time (s): cpu = 00:00:49 ; elapsed = 00:00:52 . Memory (MB): peak = 2832.258 ; gain = 1161.273 ; free physical = 297 ; free virtual = 12852
---------------------------------------------------------------------------------
Synthesis finished with 0 errors, 0 critical warnings and 239 warnings.
Synthesis Optimization Runtime : Time (s): cpu = 00:00:46 ; elapsed = 00:00:50 . Memory (MB): peak = 2832.258 ; gain = 1121.219 ; free physical = 297 ; free virtual = 12853
Synthesis Optimization Complete : Time (s): cpu = 00:00:49 ; elapsed = 00:00:53 . Memory (MB): peak = 2832.266 ; gain = 1161.273 ; free physical = 297 ; free virtual = 12853
INFO: [Project 1-571] Translating synthesized netlist
WARNING: [Synth 37-28] Duplicate attribute 'max_fanout' found for instance 'use_dist_ram.distributed_ram' of module 'dist_mem__1'.
Resolution: Check your design sources near the definition of the module or any related 'include files, looking for duplicate definitions with different values.
WARNING: [Synth 37-28] Duplicate attribute 'max_fanout' found for instance 'use_dist_ram.distributed_ram' of module 'dist_mem'.
Resolution: Check your design sources near the definition of the module or any related 'include files, looking for duplicate definitions with different values.
Netlist sorting complete. Time (s): cpu = 00:00:00.06 ; elapsed = 00:00:00.06 . Memory (MB): peak = 2832.266 ; gain = 0.000 ; free physical = 435 ; free virtual = 13040
INFO: [Netlist 29-17] Analyzing 887 Unisim elements for replacement
INFO: [Netlist 29-28] Unisim Transformation completed in 0 CPU seconds
INFO: [Project 1-570] Preparing netlist for logic optimization
INFO: [Opt 31-138] Pushed 0 inverter(s) to 0 load pin(s).
Netlist sorting complete. Time (s): cpu = 00:00:00 ; elapsed = 00:00:00 . Memory (MB): peak = 2888.285 ; gain = 0.000 ; free physical = 437 ; free virtual = 13049
INFO: [Project 1-111] Unisim Transformation Summary:
  A total of 375 instances were transformed.
  (MUXCY,XORCY) => CARRY4: 84 instances
  FDE => FDRE: 195 instances
  RAM128X1D => RAM128X1D (MUXF7(x2), RAMD64E(x4)): 96 instances

Synth Design complete | Checksum: 89862b32
INFO: [Common 17-83] Releasing license: Synthesis
42 Infos, 106 Warnings, 0 Critical Warnings and 0 Errors encountered.
synth_design completed successfully
synth_design: Time (s): cpu = 00:00:58 ; elapsed = 00:00:58 . Memory (MB): peak = 2888.320 ; gain = 1337.672 ; free physical = 437 ; free virtual = 13049
INFO: [Common 17-2834] synth_design peak Physical Memory [PSS] (MB): overall = 2423.800; main = 2250.896; forked = 322.799
INFO: [Common 17-2834] synth_design peak Virtual Memory [VSS] (MB): overall = 3789.953; main = 2888.289; forked = 957.691
Write ShapeDB Complete: Time (s): cpu = 00:00:00.03 ; elapsed = 00:00:00.01 . Memory (MB): peak = 2912.297 ; gain = 0.000 ; free physical = 438 ; free virtual = 13051
INFO: [Common 17-1381] The checkpoint '/home/Sol/vhdl_guitar_pedal/hdl/vhdl_guitar_pedal.runs/xfft_0_synth_1/xfft_0.dcp' has been generated.
INFO: [Coretcl 2-1648] Added synthesis output to IP cache for IP xfft_0, cache-ID = 381c41609a8c0851
INFO: [Coretcl 2-1174] Renamed 227 cell refs.
Write ShapeDB Complete: Time (s): cpu = 00:00:00.01 ; elapsed = 00:00:00.01 . Memory (MB): peak = 2912.297 ; gain = 0.000 ; free physical = 408 ; free virtual = 13037
INFO: [Common 17-1381] The checkpoint '/home/Sol/vhdl_guitar_pedal/hdl/vhdl_guitar_pedal.runs/xfft_0_synth_1/xfft_0.dcp' has been generated.
INFO: [Vivado 12-24828] Executing command : report_utilization -file xfft_0_utilization_synth.rpt -pb xfft_0_utilization_synth.pb
INFO: [Common 17-206] Exiting Vivado at Mon May 25 20:31:24 2026...
