#-----------------------------------------------------------
# Vivado v2025.1 (64-bit)
# SW Build 6140274 on Wed May 21 22:58:25 MDT 2025
# IP Build 6138677 on Thu May 22 03:10:11 MDT 2025
# SharedData Build 6139179 on Tue May 20 17:58:58 MDT 2025
# Start of session at: Tue Jun  2 16:24:00 2026
# Process ID         : 269207
# Current directory  : /home/Sol/vhdl_guitar_pedal/hdl/vhdl_guitar_pedal.runs/synth_1
# Command line       : vivado -log guitar_pedal.vds -product Vivado -mode batch -messageDb vivado.pb -notrace -source guitar_pedal.tcl
# Log file           : /home/Sol/vhdl_guitar_pedal/hdl/vhdl_guitar_pedal.runs/synth_1/guitar_pedal.vds
# Journal file       : /home/Sol/vhdl_guitar_pedal/hdl/vhdl_guitar_pedal.runs/synth_1/vivado.jou
# Running On         : Solstice
# Platform           : Arch
# Operating System   : Arch Linux
# Processor Detail   : 11th Gen Intel(R) Core(TM) i7-1165G7 @ 2.80GHz
# CPU Frequency      : 3123.323 MHz
# CPU Physical cores : 4
# CPU Logical cores  : 8
# Host memory        : 16466 MB
# Swap memory        : 17179 MB
# Total Virtual      : 33646 MB
# Available Virtual  : 14779 MB
#-----------------------------------------------------------
source guitar_pedal.tcl -notrace
