Vivado Simulator v2025.1.0
Copyright 1986-2022 Xilinx, Inc. All Rights Reserved.
Copyright 2022-2025 Advanced Micro Devices, Inc. All Rights Reserved.
Running: /home/Sol/Xilinx/Vivado/2025.1/Vivado/bin/unwrapped/lnx64.o/xelab --incr --debug typical --relax --mt 8 -L xil_defaultlib -L xbip_utils_v3_0_14 -L axi_utils_v2_0_10 -L c_reg_fd_v12_0_10 -L xbip_dsp48_wrapper_v3_0_7 -L xbip_pipe_v3_0_10 -L c_addsub_v12_0_20 -L c_shift_ram_v12_0_19 -L mult_gen_v12_0_23 -L floating_point_v7_1_20 -L cmpy_v6_0_26 -L xfft_v9_1_14 -L cordic_v6_0_24 -L unisims_ver -L unimacro_ver -L secureip -L xpm --snapshot guitar_pedal_tb_behav xil_defaultlib.guitar_pedal_tb xil_defaultlib.glbl -log elaborate.log 
Using 8 slave threads.
Starting static elaboration
Pass Through NonSizing Optimizer
Completed static elaboration
Starting simulation data flow analysis
Completed simulation data flow analysis
Time Resolution for simulation is 1ps
Compiling package std.standard
Compiling package std.textio
Compiling package ieee.std_logic_1164
Compiling package ieee.numeric_std
Compiling package ieee.std_logic_textio
Compiling package xil_defaultlib.globals
Compiling package ieee.math_real
Compiling package xil_defaultlib.hanning_window_rom
Compiling package xbip_utils_v3_0_14.xbip_utils_v3_0_14_pkg
Compiling package xfft_v9_1_14.xfft_v9_1_14_viv_comp
Compiling package ieee.std_logic_arith
Compiling package ieee.std_logic_unsigned
Compiling package axi_utils_v2_0_10.axi_utils_v2_0_10_pkg
Compiling package mult_gen_v12_0_23.mult_gen_v12_0_23_pkg
Compiling package ieee.std_logic_signed
Compiling package cmpy_v6_0_26.cmpy_v6_0_26_pkg
Compiling package floating_point_v7_1_20.floating_point_v7_1_20_consts
Compiling package floating_point_v7_1_20.floating_point_v7_1_20_exp_table...
Compiling package floating_point_v7_1_20.floating_point_v7_1_20_pkg
Compiling package xfft_v9_1_14.pkg
Compiling package xfft_v9_1_14.xfft_v9_1_14_axi_pkg
Compiling package unisim.vcomponents
Compiling package c_shift_ram_v12_0_19.c_shift_ram_v12_0_19_pkg
Compiling package c_reg_fd_v12_0_10.c_reg_fd_v12_0_10_viv_comp
Compiling package ieee.vital_timing
Compiling package ieee.vital_primitives
Compiling package unisim.vpkg
Compiling package xfft_v9_1_14.quarter_sin_tw_table
Compiling package xbip_pipe_v3_0_10.xbip_pipe_v3_0_10_viv_comp
Compiling package c_addsub_v12_0_20.c_addsub_v12_0_20_pkg
Compiling package c_addsub_v12_0_20.c_addsub_v12_0_20_pkg_legacy
Compiling package xpm.vcomponents
Compiling package cordic_v6_0_24.cordic_v6_0_24_viv_comp
Compiling package axi_utils_v2_0_10.global_util_pkg
Compiling package axi_utils_v2_0_10.axi_utils_comps
Compiling package cordic_v6_0_24.cordic_pack
Compiling package cordic_v6_0_24.cordic_hdl_comps
Compiling package c_addsub_v12_0_20.c_addsub_v12_0_20_viv_comp
Compiling package mult_gen_v12_0_23.dsp_pkg
Compiling package vl.vl_types
Compiling module xil_defaultlib.glbl
Compiling module unisims_ver.IBUF
Compiling module unisims_ver.MMCME2_ADV(CLKFBOUT_MULT_F=7.125...
Compiling module unisims_ver.BUFG
Compiling module xil_defaultlib.clk_wiz_0_clk_wiz
Compiling module xil_defaultlib.clk_wiz_0
Compiling architecture logic of entity xil_defaultlib.i2s_transceiver [i2s_transceiver_default]
Compiling architecture xilinx of entity xfft_v9_1_14.logic_gate [\logic_gate(c_xdevicefamily="art...]
Compiling architecture xilinx of entity xfft_v9_1_14.shift_ram [\shift_ram(c_xdevicefamily="arti...]
Compiling architecture xilinx of entity xfft_v9_1_14.logic_gate [\logic_gate(c_xdevicefamily="art...]
Compiling architecture xilinx of entity xfft_v9_1_14.logic_gate [\logic_gate(c_xdevicefamily="art...]
Compiling architecture xilinx of entity xfft_v9_1_14.logic_gate [\logic_gate(c_xdevicefamily="art...]
Compiling architecture ram128x1d_v of entity unisim.RAM128X1D [ram128x1d_default]
Compiling architecture xilinx of entity xfft_v9_1_14.shift_ram [\shift_ram(c_xdevicefamily="arti...]
Compiling architecture xilinx of entity xfft_v9_1_14.dist_mem [\dist_mem(c_xdevicefamily="artix...]
Compiling architecture rb18_internal_vhdl_v of entity unisim.RB18_INTERNAL_VHDL [\RB18_INTERNAL_VHDL(bram_size=18...]
Compiling architecture ramb18e1_v of entity unisim.RAMB18E1 [\RAMB18E1(doa_reg=1,dob_reg=1,ra...]
Compiling architecture xilinx of entity xfft_v9_1_14.dpm [\dpm(c_xdevicefamily="artix7",wi...]
Compiling architecture xilinx of entity xfft_v9_1_14.dpm_hybrid [\dpm_hybrid(c_xdevicefamily="art...]
Compiling architecture xilinx of entity xfft_v9_1_14.shift_ram [\shift_ram(c_xdevicefamily="arti...]
Compiling architecture xilinx of entity xfft_v9_1_14.mux_bus4 [\mux_bus4(c_xdevicefamily="artix...]
Compiling architecture xilinx of entity xfft_v9_1_14.mux_bus2 [\mux_bus2(c_xdevicefamily="artix...]
Compiling architecture xilinx of entity xfft_v9_1_14.mux_bus4 [\mux_bus4(c_xdevicefamily="artix...]
Compiling architecture xilinx of entity xfft_v9_1_14.arith_shift3 [\arith_shift3(c_xdevicefamily="a...]
Compiling architecture xilinx of entity xfft_v9_1_14.logic_gate [\logic_gate(c_xdevicefamily="art...]
Compiling architecture xilinx of entity xfft_v9_1_14.shift_ram [\shift_ram(c_xdevicefamily="arti...]
Compiling architecture xilinx of entity xfft_v9_1_14.logic_gate [\logic_gate(c_xdevicefamily="art...]
Compiling architecture rtl of entity c_addsub_v12_0_20.c_addsub_v12_0_20_lut6_legacy [\c_addsub_v12_0_20_lut6_legacy(c...]
Compiling architecture synth of entity c_addsub_v12_0_20.c_addsub_v12_0_20_fabric_legacy [\c_addsub_v12_0_20_fabric_legacy...]
Compiling architecture synth of entity c_addsub_v12_0_20.c_addsub_v12_0_20_legacy [\c_addsub_v12_0_20_legacy(c_fami...]
Compiling architecture synth of entity c_addsub_v12_0_20.c_addsub_v12_0_20_viv [\c_addsub_v12_0_20_viv(c_xdevice...]
Compiling architecture xilinx of entity xfft_v9_1_14.unbiased_round [\unbiased_round(c_xdevicefamily=...]
Compiling architecture xilinx of entity xfft_v9_1_14.shift_ram [\shift_ram(c_xdevicefamily="arti...]
Compiling architecture xilinx of entity cmpy_v6_0_26.delay_line [\delay_line(c_xdevicefamily="art...]
Compiling architecture xilinx of entity cmpy_v6_0_26.delay_line [\delay_line(c_xdevicefamily="art...]
Compiling architecture xilinx of entity cmpy_v6_0_26.delay_line [\delay_line(c_xdevicefamily="art...]
Compiling architecture xilinx of entity cmpy_v6_0_26.delay_line [\delay_line(c_xdevicefamily="art...]
Compiling architecture xilinx of entity cmpy_v6_0_26.delay_line [\delay_line(c_xdevicefamily="art...]
Compiling architecture xilinx of entity cmpy_v6_0_26.delay_line [\delay_line(c_xdevicefamily="art...]
Compiling architecture dsp48e1_v of entity unisim.DSP48E1 [\DSP48E1(adreg=0,carryinselreg=0...]
Compiling architecture dsp48e1_v of entity unisim.DSP48E1 [\DSP48E1(acascreg=2,adreg=0,areg...]
Compiling architecture xilinx of entity cmpy_v6_0_26.delay_line [\delay_line(c_xdevicefamily="art...]
Compiling architecture dsp48e1_v of entity unisim.DSP48E1 [\DSP48E1(adreg=0,a_input="CASCAD...]
Compiling architecture dsp48e1_v of entity unisim.DSP48E1 [\DSP48E1(acascreg=2,areg=2,bcasc...]
Compiling architecture xilinx of entity cmpy_v6_0_26.delay_line [\delay_line(c_xdevicefamily="art...]
Compiling architecture xilinx of entity mult_gen_v12_0_23.op_resize [\op_resize(ai_width=25,bi_width=...]
Compiling architecture xilinx of entity cmpy_v6_0_26.cmpy_4_dsp48_mult [\cmpy_4_dsp48_mult(c_xdevicefami...]
Compiling architecture xilinx of entity cmpy_v6_0_26.cmpy_4_dsp48 [\cmpy_4_dsp48(c_xdevicefamily="a...]
Compiling architecture xilinx of entity cmpy_v6_0_26.cmpy_v6_0_26_synth [\cmpy_v6_0_26_synth(c_xdevicefam...]
Compiling architecture xilinx of entity xfft_v9_1_14.cmpy [\cmpy(c_xdevicefamily="artix7",a...]
Compiling architecture structural of entity c_reg_fd_v12_0_10.c_reg_fd_v12_0_10_viv [\c_reg_fd_v12_0_10_viv(c_width=2...]
Compiling architecture rtl of entity c_addsub_v12_0_20.c_addsub_v12_0_20_lut6_legacy [\c_addsub_v12_0_20_lut6_legacy(c...]
Compiling architecture synth of entity c_addsub_v12_0_20.c_addsub_v12_0_20_fabric_legacy [\c_addsub_v12_0_20_fabric_legacy...]
Compiling architecture synth of entity c_addsub_v12_0_20.c_addsub_v12_0_20_legacy [\c_addsub_v12_0_20_legacy(c_fami...]
Compiling architecture synth of entity c_addsub_v12_0_20.c_addsub_v12_0_20_viv [\c_addsub_v12_0_20_viv(c_xdevice...]
Compiling architecture xilinx of entity xfft_v9_1_14.adder [\adder(c_xdevicefamily="artix7",...]
Compiling architecture rtl of entity c_addsub_v12_0_20.c_addsub_v12_0_20_lut6_legacy [\c_addsub_v12_0_20_lut6_legacy(c...]
Compiling architecture synth of entity c_addsub_v12_0_20.c_addsub_v12_0_20_fabric_legacy [\c_addsub_v12_0_20_fabric_legacy...]
Compiling architecture synth of entity c_addsub_v12_0_20.c_addsub_v12_0_20_legacy [\c_addsub_v12_0_20_legacy(c_fami...]
Compiling architecture synth of entity c_addsub_v12_0_20.c_addsub_v12_0_20_viv [\c_addsub_v12_0_20_viv(c_xdevice...]
Compiling architecture xilinx of entity xfft_v9_1_14.subtracter [\subtracter(c_xdevicefamily="art...]
Compiling architecture xilinx of entity xfft_v9_1_14.butterfly [\butterfly(c_xdevicefamily="arti...]
Compiling architecture xilinx of entity xfft_v9_1_14.r2_pe [\r2_pe(c_xdevicefamily="artix7",...]
Compiling architecture xilinx of entity xfft_v9_1_14.r2_datapath [\r2_datapath(c_xdevicefamily="ar...]
Compiling architecture struct of entity c_shift_ram_v12_0_19.c_shift_ram_v12_0_19_legacy [\c_shift_ram_v12_0_19_legacy(c_x...]
Compiling architecture synth of entity c_shift_ram_v12_0_19.c_shift_ram_v12_0_19_viv [\c_shift_ram_v12_0_19_viv(c_xdev...]
Compiling architecture xilinx of entity xfft_v9_1_14.shift_ram [\shift_ram(c_xdevicefamily="arti...]
Compiling architecture fdre_v of entity unisim.FDRE [fdre_default]
Compiling architecture lut6_v of entity unisim.LUT6 [\LUT6(init="11111111000000001111...]
Compiling architecture muxf7_v of entity unisim.MUXF7 [muxf7_default]
Compiling architecture muxf8_v of entity unisim.MUXF8 [muxf8_default]
Compiling architecture xilinx of entity xfft_v9_1_14.mux_bus16 [\mux_bus16(c_xdevicefamily="arti...]
Compiling architecture xilinx of entity xfft_v9_1_14.xor_bit_gate [\xor_bit_gate(c_inputs=10)\]
Compiling architecture xilinx of entity xfft_v9_1_14.r2_in_addr [\r2_in_addr(c_xdevicefamily="art...]
Compiling architecture xilinx of entity xfft_v9_1_14.shift_ram [\shift_ram(c_xdevicefamily="arti...]
Compiling architecture xilinx of entity xfft_v9_1_14.mux_bus4 [\mux_bus4(c_xdevicefamily="artix...]
Compiling architecture xilinx of entity xfft_v9_1_14.xor_bit_gate [\xor_bit_gate(c_inputs=9)\]
Compiling architecture xilinx of entity xfft_v9_1_14.r2_rw_addr [\r2_rw_addr(c_xdevicefamily="art...]
Compiling architecture srl16e_v of entity unisim.SRL16E [\SRL16E(0,15)\]
Compiling architecture xilinx of entity xfft_v9_1_14.shift_ram [\shift_ram(c_xdevicefamily="arti...]
Compiling architecture lut3_v of entity unisim.LUT3 [\LUT3(init="11001010")(0,7)\]
Compiling architecture xilinx of entity xfft_v9_1_14.mux_bus2 [\mux_bus2(c_xdevicefamily="artix...]
Compiling architecture structural of entity c_reg_fd_v12_0_10.c_reg_fd_v12_0_10_viv [\c_reg_fd_v12_0_10_viv(c_sync_pr...]
Compiling architecture struct of entity c_shift_ram_v12_0_19.c_shift_ram_v12_0_19_legacy [\c_shift_ram_v12_0_19_legacy(c_x...]
Compiling architecture synth of entity c_shift_ram_v12_0_19.c_shift_ram_v12_0_19_viv [\c_shift_ram_v12_0_19_viv(c_xdev...]
Compiling architecture xilinx of entity xfft_v9_1_14.shift_ram [\shift_ram(c_xdevicefamily="arti...]
Compiling architecture xilinx of entity xfft_v9_1_14.shift_ram [\shift_ram(c_xdevicefamily="arti...]
Compiling architecture struct of entity c_shift_ram_v12_0_19.c_shift_ram_v12_0_19_legacy [\c_shift_ram_v12_0_19_legacy(c_x...]
Compiling architecture synth of entity c_shift_ram_v12_0_19.c_shift_ram_v12_0_19_viv [\c_shift_ram_v12_0_19_viv(c_xdev...]
Compiling architecture xilinx of entity xfft_v9_1_14.shift_ram [\shift_ram(c_xdevicefamily="arti...]
Compiling architecture xilinx of entity xfft_v9_1_14.twos_comp [\twos_comp(c_data_width=8,c_has_...]
Compiling architecture lut6_v of entity unisim.LUT6 [\LUT6(init="10000000000000000000...]
Compiling architecture muxcy_v of entity unisim.MUXCY [muxcy_default]
Compiling architecture xorcy_v of entity unisim.XORCY [xorcy_default]
Compiling architecture fde_v of entity unisim.FDE [fde_default]
Compiling architecture xilinx of entity xfft_v9_1_14.logic_gate [\logic_gate(c_xdevicefamily="art...]
Compiling architecture xilinx of entity xfft_v9_1_14.twgen_quarter_sin [\twgen_quarter_sin(c_xdevicefami...]
Compiling architecture xilinx of entity xfft_v9_1_14.twiddle_gen [\twiddle_gen(c_xdevicefamily="ar...]
Compiling architecture xilinx of entity xfft_v9_1_14.mux_bus16 [\mux_bus16(c_xdevicefamily="arti...]
Compiling architecture xilinx of entity xfft_v9_1_14.r2_tw_addr [\r2_tw_addr(c_xdevicefamily="art...]
Compiling architecture xilinx of entity xfft_v9_1_14.shift_ram [\shift_ram(c_xdevicefamily="arti...]
Compiling architecture xilinx of entity xfft_v9_1_14.shift_ram [\shift_ram(c_xdevicefamily="arti...]
Compiling architecture struct of entity c_shift_ram_v12_0_19.c_shift_ram_v12_0_19_legacy [\c_shift_ram_v12_0_19_legacy(c_x...]
Compiling architecture synth of entity c_shift_ram_v12_0_19.c_shift_ram_v12_0_19_viv [\c_shift_ram_v12_0_19_viv(c_xdev...]
Compiling architecture xilinx of entity xfft_v9_1_14.shift_ram [\shift_ram(c_xdevicefamily="arti...]
Compiling architecture xilinx of entity xfft_v9_1_14.shift_ram [\shift_ram(c_xdevicefamily="arti...]
Compiling architecture xilinx of entity xfft_v9_1_14.shift_ram [\shift_ram(c_xdevicefamily="arti...]
Compiling architecture rtl of entity c_addsub_v12_0_20.c_addsub_v12_0_20_lut6_legacy [\c_addsub_v12_0_20_lut6_legacy(c...]
Compiling architecture synth of entity c_addsub_v12_0_20.c_addsub_v12_0_20_fabric_legacy [\c_addsub_v12_0_20_fabric_legacy...]
Compiling architecture synth of entity c_addsub_v12_0_20.c_addsub_v12_0_20_legacy [\c_addsub_v12_0_20_legacy(c_fami...]
Compiling architecture synth of entity c_addsub_v12_0_20.c_addsub_v12_0_20_viv [\c_addsub_v12_0_20_viv(c_xdevice...]
Compiling architecture xilinx of entity xfft_v9_1_14.equ_rtl [\equ_rtl(c_xdevicefamily="artix7...]
Compiling architecture xilinx of entity xfft_v9_1_14.cnt_tc_rtl [\cnt_tc_rtl(c_xdevicefamily="art...]
Compiling architecture struct of entity c_shift_ram_v12_0_19.c_shift_ram_v12_0_19_legacy [\c_shift_ram_v12_0_19_legacy(c_x...]
Compiling architecture synth of entity c_shift_ram_v12_0_19.c_shift_ram_v12_0_19_viv [\c_shift_ram_v12_0_19_viv(c_xdev...]
Compiling architecture xilinx of entity xfft_v9_1_14.shift_ram [\shift_ram(c_xdevicefamily="arti...]
Compiling architecture xilinx of entity xfft_v9_1_14.reg_rs_rtl [reg_rs_rtl_default]
Compiling architecture rtl of entity c_addsub_v12_0_20.c_addsub_v12_0_20_lut6_legacy [\c_addsub_v12_0_20_lut6_legacy(c...]
Compiling architecture synth of entity c_addsub_v12_0_20.c_addsub_v12_0_20_fabric_legacy [\c_addsub_v12_0_20_fabric_legacy...]
Compiling architecture synth of entity c_addsub_v12_0_20.c_addsub_v12_0_20_legacy [\c_addsub_v12_0_20_legacy(c_fami...]
Compiling architecture synth of entity c_addsub_v12_0_20.c_addsub_v12_0_20_viv [\c_addsub_v12_0_20_viv(c_xdevice...]
Compiling architecture lut6_v of entity unisim.LUT6 [\LUT6(init="10010000000010010000...]
Compiling architecture xilinx of entity xfft_v9_1_14.equ_rtl [\equ_rtl(c_xdevicefamily="artix7...]
Compiling architecture xilinx of entity xfft_v9_1_14.cnt_tc_rtl [\cnt_tc_rtl(c_xdevicefamily="art...]
Compiling architecture rtl of entity c_addsub_v12_0_20.c_addsub_v12_0_20_lut6_legacy [\c_addsub_v12_0_20_lut6_legacy(c...]
Compiling architecture synth of entity c_addsub_v12_0_20.c_addsub_v12_0_20_fabric_legacy [\c_addsub_v12_0_20_fabric_legacy...]
Compiling architecture synth of entity c_addsub_v12_0_20.c_addsub_v12_0_20_legacy [\c_addsub_v12_0_20_legacy(c_fami...]
Compiling architecture synth of entity c_addsub_v12_0_20.c_addsub_v12_0_20_viv [\c_addsub_v12_0_20_viv(c_xdevice...]
Compiling architecture xilinx of entity xfft_v9_1_14.equ_rtl [\equ_rtl(c_xdevicefamily="artix7...]
Compiling architecture xilinx of entity xfft_v9_1_14.cnt_tc_rtl [\cnt_tc_rtl(c_xdevicefamily="art...]
Compiling architecture rtl of entity c_addsub_v12_0_20.c_addsub_v12_0_20_lut6_legacy [\c_addsub_v12_0_20_lut6_legacy(c...]
Compiling architecture synth of entity c_addsub_v12_0_20.c_addsub_v12_0_20_fabric_legacy [\c_addsub_v12_0_20_fabric_legacy...]
Compiling architecture synth of entity c_addsub_v12_0_20.c_addsub_v12_0_20_legacy [\c_addsub_v12_0_20_legacy(c_fami...]
Compiling architecture synth of entity c_addsub_v12_0_20.c_addsub_v12_0_20_viv [\c_addsub_v12_0_20_viv(c_xdevice...]
Compiling architecture xilinx of entity xfft_v9_1_14.equ_rtl [\equ_rtl(c_xdevicefamily="artix7...]
Compiling architecture xilinx of entity xfft_v9_1_14.cnt_tc_rtl [\cnt_tc_rtl(c_xdevicefamily="art...]
Compiling architecture xilinx of entity xfft_v9_1_14.flow_control_c [\flow_control_c(c_xdevicefamily=...]
Compiling architecture xilinx of entity xfft_v9_1_14.shift_ram [\shift_ram(c_xdevicefamily="arti...]
Compiling architecture struct of entity c_shift_ram_v12_0_19.c_shift_ram_v12_0_19_legacy [\c_shift_ram_v12_0_19_legacy(c_x...]
Compiling architecture synth of entity c_shift_ram_v12_0_19.c_shift_ram_v12_0_19_viv [\c_shift_ram_v12_0_19_viv(c_xdev...]
Compiling architecture xilinx of entity xfft_v9_1_14.shift_ram [\shift_ram(c_xdevicefamily="arti...]
Compiling architecture xilinx of entity xfft_v9_1_14.r2_control [\r2_control(c_xdevicefamily="art...]
Compiling architecture xilinx of entity xfft_v9_1_14.xfft_v9_1_14_c [\xfft_v9_1_14_c(c_xdevicefamily=...]
Compiling architecture synth of entity xfft_v9_1_14.xfft_v9_1_14_core [\xfft_v9_1_14_core(c_xdevicefami...]
Compiling architecture synth of entity xfft_v9_1_14.axi_wrapper_input_fifo [\axi_wrapper_input_fifo(c_fifo_w...]
Compiling architecture synth of entity xfft_v9_1_14.axi_wrapper_input_fifo [\axi_wrapper_input_fifo(c_fifo_w...]
Compiling architecture synth of entity xfft_v9_1_14.axi_wrapper_output_fifo [\axi_wrapper_output_fifo(c_fifo_...]
Compiling architecture synth of entity xfft_v9_1_14.axi_wrapper [\axi_wrapper(c_nfft_max=10,c_has...]
Compiling architecture synth of entity xfft_v9_1_14.xfft_v9_1_14_viv [\xfft_v9_1_14_viv(c_xdevicefamil...]
Compiling architecture xilinx of entity xfft_v9_1_14.xfft_v9_1_14 [\xfft_v9_1_14(c_xdevicefamily="a...]
Compiling architecture xfft_0_arch of entity xil_defaultlib.xfft_0 [xfft_0_default]
Compiling architecture synth of entity xbip_pipe_v3_0_10.xbip_pipe_v3_0_10_viv [\xbip_pipe_v3_0_10_viv(c_latency...]
Compiling architecture synth of entity xbip_pipe_v3_0_10.xbip_pipe_v3_0_10_viv [\xbip_pipe_v3_0_10_viv(c_latency...]
Compiling architecture synth of entity xbip_pipe_v3_0_10.xbip_pipe_v3_0_10_viv [\xbip_pipe_v3_0_10_viv(c_latency...]
Compiling architecture structural of entity c_reg_fd_v12_0_10.c_reg_fd_v12_0_10_viv [\c_reg_fd_v12_0_10_viv(c_width=3...]
Compiling architecture rtl of entity c_addsub_v12_0_20.c_addsub_v12_0_20_lut6_legacy [\c_addsub_v12_0_20_lut6_legacy(c...]
Compiling architecture synth of entity c_addsub_v12_0_20.c_addsub_v12_0_20_fabric_legacy [\c_addsub_v12_0_20_fabric_legacy...]
Compiling architecture synth of entity c_addsub_v12_0_20.c_addsub_v12_0_20_legacy [\c_addsub_v12_0_20_legacy(c_fami...]
Compiling architecture synth of entity c_addsub_v12_0_20.c_addsub_v12_0_20_viv [\c_addsub_v12_0_20_viv(c_xdevice...]
Compiling architecture synth of entity cordic_v6_0_24.addsub [\addsub(family="artix7",add_mode...]
Compiling architecture rtl of entity c_addsub_v12_0_20.c_addsub_v12_0_20_lut6_legacy [\c_addsub_v12_0_20_lut6_legacy(c...]
Compiling architecture synth of entity c_addsub_v12_0_20.c_addsub_v12_0_20_fabric_legacy [\c_addsub_v12_0_20_fabric_legacy...]
Compiling architecture synth of entity c_addsub_v12_0_20.c_addsub_v12_0_20_legacy [\c_addsub_v12_0_20_legacy(c_fami...]
Compiling architecture synth of entity c_addsub_v12_0_20.c_addsub_v12_0_20_viv [\c_addsub_v12_0_20_viv(c_xdevice...]
Compiling architecture synth of entity cordic_v6_0_24.addsub [\addsub(family="artix7",add_mode...]
Compiling architecture struct_all of entity cordic_v6_0_24.delay [\delay(delay_len=1,family="artix...]
Compiling architecture structural of entity c_reg_fd_v12_0_10.c_reg_fd_v12_0_10_viv [\c_reg_fd_v12_0_10_viv(c_width=3...]
Compiling architecture rtl of entity c_addsub_v12_0_20.c_addsub_v12_0_20_lut6_legacy [\c_addsub_v12_0_20_lut6_legacy(c...]
Compiling architecture synth of entity c_addsub_v12_0_20.c_addsub_v12_0_20_fabric_legacy [\c_addsub_v12_0_20_fabric_legacy...]
Compiling architecture synth of entity c_addsub_v12_0_20.c_addsub_v12_0_20_legacy [\c_addsub_v12_0_20_legacy(c_fami...]
Compiling architecture synth of entity c_addsub_v12_0_20.c_addsub_v12_0_20_viv [\c_addsub_v12_0_20_viv(c_xdevice...]
Compiling architecture synth of entity cordic_v6_0_24.addsub [\addsub(family="artix7",add_mode...]
Compiling architecture struct_all of entity cordic_v6_0_24.delay [\delay(delay_len=1,family="artix...]
Compiling architecture struct_all of entity cordic_v6_0_24.delay_bit [\delay_bit(delay_len=2,family="a...]
Compiling architecture synth of entity cordic_v6_0_24.cordic_inp_config [\cordic_inp_config(p_xdevicefami...]
Compiling architecture synth of entity cordic_v6_0_24.cordic_dat_acc_slice_par [\cordic_dat_acc_slice_par(p_xdev...]
Compiling architecture synth of entity cordic_v6_0_24.cordic_pha_acc_slice_par [\cordic_pha_acc_slice_par(p_xdev...]
Compiling architecture struct_all of entity cordic_v6_0_24.delay [\delay(delay_len=1,family="artix...]
Compiling architecture struct_all of entity cordic_v6_0_24.delay_bit [\delay_bit(delay_len=1,family="a...]
Compiling architecture synth of entity cordic_v6_0_24.cordic_ctrl_slice_par [\cordic_ctrl_slice_par(p_xdevice...]
Compiling architecture synth of entity cordic_v6_0_24.cordic_eng_slice_par [\cordic_eng_slice_par(p_xdevicef...]
Compiling architecture synth of entity cordic_v6_0_24.cordic_dat_acc_slice_par [\cordic_dat_acc_slice_par(p_xdev...]
Compiling architecture synth of entity cordic_v6_0_24.cordic_eng_slice_par [\cordic_eng_slice_par(p_xdevicef...]
Compiling architecture synth of entity cordic_v6_0_24.cordic_dat_acc_slice_par [\cordic_dat_acc_slice_par(p_xdev...]
Compiling architecture synth of entity cordic_v6_0_24.cordic_eng_slice_par [\cordic_eng_slice_par(p_xdevicef...]
Compiling architecture synth of entity cordic_v6_0_24.cordic_dat_acc_slice_par [\cordic_dat_acc_slice_par(p_xdev...]
Compiling architecture synth of entity cordic_v6_0_24.cordic_eng_slice_par [\cordic_eng_slice_par(p_xdevicef...]
Compiling architecture synth of entity cordic_v6_0_24.cordic_dat_acc_slice_par [\cordic_dat_acc_slice_par(p_xdev...]
Compiling architecture synth of entity cordic_v6_0_24.cordic_eng_slice_par [\cordic_eng_slice_par(p_xdevicef...]
Compiling architecture synth of entity cordic_v6_0_24.cordic_dat_acc_slice_par [\cordic_dat_acc_slice_par(p_xdev...]
Compiling architecture synth of entity cordic_v6_0_24.cordic_eng_slice_par [\cordic_eng_slice_par(p_xdevicef...]
Compiling architecture synth of entity cordic_v6_0_24.cordic_dat_acc_slice_par [\cordic_dat_acc_slice_par(p_xdev...]
Compiling architecture synth of entity cordic_v6_0_24.cordic_eng_slice_par [\cordic_eng_slice_par(p_xdevicef...]
Compiling architecture synth of entity cordic_v6_0_24.cordic_dat_acc_slice_par [\cordic_dat_acc_slice_par(p_xdev...]
Compiling architecture synth of entity cordic_v6_0_24.cordic_eng_slice_par [\cordic_eng_slice_par(p_xdevicef...]
Compiling architecture synth of entity cordic_v6_0_24.cordic_dat_acc_slice_par [\cordic_dat_acc_slice_par(p_xdev...]
Compiling architecture synth of entity cordic_v6_0_24.cordic_eng_slice_par [\cordic_eng_slice_par(p_xdevicef...]
Compiling architecture synth of entity cordic_v6_0_24.cordic_dat_acc_slice_par [\cordic_dat_acc_slice_par(p_xdev...]
Compiling architecture synth of entity cordic_v6_0_24.cordic_eng_slice_par [\cordic_eng_slice_par(p_xdevicef...]
Compiling architecture synth of entity cordic_v6_0_24.cordic_dat_acc_slice_par [\cordic_dat_acc_slice_par(p_xdev...]
Compiling architecture synth of entity cordic_v6_0_24.cordic_eng_slice_par [\cordic_eng_slice_par(p_xdevicef...]
Compiling architecture synth of entity cordic_v6_0_24.cordic_dat_acc_slice_par [\cordic_dat_acc_slice_par(p_xdev...]
Compiling architecture synth of entity cordic_v6_0_24.cordic_eng_slice_par [\cordic_eng_slice_par(p_xdevicef...]
Compiling architecture synth of entity cordic_v6_0_24.cordic_dat_acc_slice_par [\cordic_dat_acc_slice_par(p_xdev...]
Compiling architecture synth of entity cordic_v6_0_24.cordic_eng_slice_par [\cordic_eng_slice_par(p_xdevicef...]
Compiling architecture synth of entity cordic_v6_0_24.cordic_dat_acc_slice_par [\cordic_dat_acc_slice_par(p_xdev...]
Compiling architecture synth of entity cordic_v6_0_24.cordic_eng_slice_par [\cordic_eng_slice_par(p_xdevicef...]
Compiling architecture synth of entity cordic_v6_0_24.cordic_dat_acc_slice_par [\cordic_dat_acc_slice_par(p_xdev...]
Compiling architecture synth of entity cordic_v6_0_24.cordic_eng_slice_par [\cordic_eng_slice_par(p_xdevicef...]
Compiling architecture synth of entity cordic_v6_0_24.cordic_dat_acc_slice_par [\cordic_dat_acc_slice_par(p_xdev...]
Compiling architecture synth of entity cordic_v6_0_24.cordic_eng_slice_par [\cordic_eng_slice_par(p_xdevicef...]
Compiling architecture synth of entity cordic_v6_0_24.cordic_dat_acc_slice_par [\cordic_dat_acc_slice_par(p_xdev...]
Compiling architecture synth of entity cordic_v6_0_24.cordic_eng_slice_par [\cordic_eng_slice_par(p_xdevicef...]
Compiling architecture synth of entity cordic_v6_0_24.cordic_dat_acc_slice_par [\cordic_dat_acc_slice_par(p_xdev...]
Compiling architecture synth of entity cordic_v6_0_24.cordic_eng_slice_par [\cordic_eng_slice_par(p_xdevicef...]
Compiling architecture synth of entity cordic_v6_0_24.cordic_dat_acc_slice_par [\cordic_dat_acc_slice_par(p_xdev...]
Compiling architecture synth of entity cordic_v6_0_24.cordic_eng_slice_par [\cordic_eng_slice_par(p_xdevicef...]
Compiling architecture synth of entity cordic_v6_0_24.cordic_dat_acc_slice_par [\cordic_dat_acc_slice_par(p_xdev...]
Compiling architecture synth of entity cordic_v6_0_24.cordic_eng_slice_par [\cordic_eng_slice_par(p_xdevicef...]
Compiling architecture synth of entity cordic_v6_0_24.cordic_dat_acc_slice_par [\cordic_dat_acc_slice_par(p_xdev...]
Compiling architecture synth of entity cordic_v6_0_24.cordic_eng_slice_par [\cordic_eng_slice_par(p_xdevicef...]
Compiling architecture synth of entity cordic_v6_0_24.cordic_dat_acc_slice_par [\cordic_dat_acc_slice_par(p_xdev...]
Compiling architecture synth of entity cordic_v6_0_24.cordic_eng_slice_par [\cordic_eng_slice_par(p_xdevicef...]
Compiling architecture synth of entity cordic_v6_0_24.cordic_eng [\cordic_eng(p_xdevicefamily="art...]
Compiling architecture struct_all of entity cordic_v6_0_24.delay [\delay(delay_len=2,family="artix...]
Compiling architecture xilinx of entity mult_gen_v12_0_23.delay_line [\delay_line(c_xdevicefamily="art...]
Compiling architecture xilinx of entity mult_gen_v12_0_23.delay_line [\delay_line(c_xdevicefamily="art...]
Compiling architecture xilinx of entity mult_gen_v12_0_23.delay_line [\delay_line(c_xdevicefamily="art...]
Compiling architecture xilinx of entity mult_gen_v12_0_23.delay_line [\delay_line(c_xdevicefamily="art...]
Compiling architecture xilinx of entity mult_gen_v12_0_23.delay_line [\delay_line(c_xdevicefamily="art...]
Compiling architecture dsp48e1_v of entity unisim.DSP48E1 [\DSP48E1(alumodereg=0,carryinreg...]
Compiling architecture xilinx of entity mult_gen_v12_0_23.delay_line [\delay_line(c_xdevicefamily="art...]
Compiling architecture xilinx of entity mult_gen_v12_0_23.delay_line [\delay_line(c_xdevicefamily="art...]
Compiling architecture dsp48e1_v of entity unisim.DSP48E1 [\DSP48E1(a_input="CASCADE",bcasc...]
Compiling architecture dsp48e1_v of entity unisim.DSP48E1 [\DSP48E1(acascreg=2,areg=2,bcasc...]
Compiling architecture xilinx of entity mult_gen_v12_0_23.delay_line [\delay_line(c_xdevicefamily="art...]
Compiling architecture dsp48e1_v of entity unisim.DSP48E1 [\DSP48E1(acascreg=2,areg=2,a_inp...]
Compiling architecture xilinx of entity mult_gen_v12_0_23.delay_line [\delay_line(c_xdevicefamily="art...]
Compiling architecture xilinx of entity mult_gen_v12_0_23.op_resize [\op_resize(ai_width=29,bi_width=...]
Compiling architecture xilinx of entity mult_gen_v12_0_23.dsp [\dsp(c_xdevicefamily="artix7",c_...]
Compiling architecture xilinx of entity mult_gen_v12_0_23.ccm [\ccm(c_xdevicefamily="artix7",c_...]
Compiling architecture xilinx of entity mult_gen_v12_0_23.mult_gen_v12_0_23_viv [\mult_gen_v12_0_23_viv(c_verbosi...]
Compiling architecture synth of entity cordic_v6_0_24.cordic_scale [\cordic_scale(p_xdevicefamily="a...]
Compiling architecture struct_all of entity cordic_v6_0_24.delay [\delay(delay_len=6,family="artix...]
Compiling architecture struct_all of entity cordic_v6_0_24.delay_bit [\delay_bit(delay_len=6,family="a...]
Compiling architecture structural of entity c_reg_fd_v12_0_10.c_reg_fd_v12_0_10_viv [\c_reg_fd_v12_0_10_viv(c_width=3...]
Compiling architecture rtl of entity c_addsub_v12_0_20.c_addsub_v12_0_20_lut6_legacy [\c_addsub_v12_0_20_lut6_legacy(c...]
Compiling architecture synth of entity c_addsub_v12_0_20.c_addsub_v12_0_20_fabric_legacy [\c_addsub_v12_0_20_fabric_legacy...]
Compiling architecture synth of entity c_addsub_v12_0_20.c_addsub_v12_0_20_legacy [\c_addsub_v12_0_20_legacy(c_fami...]
Compiling architecture synth of entity c_addsub_v12_0_20.c_addsub_v12_0_20_viv [\c_addsub_v12_0_20_viv(c_xdevice...]
Compiling architecture synth of entity cordic_v6_0_24.addsub [\addsub(family="artix7",add_mode...]
Compiling architecture synth of entity cordic_v6_0_24.cordic_round [\cordic_round(p_xdevicefamily="a...]
Compiling architecture struct_all of entity cordic_v6_0_24.delay_bit [\delay_bit(delay_len=0,family="a...]
Compiling architecture synth of entity cordic_v6_0_24.cordic_out_config [\cordic_out_config(p_xdevicefami...]
Compiling architecture synth of entity cordic_v6_0_24.cordic_v6_0_24_synth [\cordic_v6_0_24_synth(c_architec...]
Compiling architecture synth of entity cordic_v6_0_24.cordic_v6_0_24_viv [\cordic_v6_0_24_viv(c_architectu...]
Compiling architecture xilinx of entity cordic_v6_0_24.cordic_v6_0_24 [\cordic_v6_0_24(c_architecture=2...]
Compiling architecture cordic_0_arch of entity xil_defaultlib.cordic_0 [cordic_0_default]
Compiling architecture behavioral of entity xil_defaultlib.polar_fft [\polar_fft(n=24)\]
Compiling architecture behavioral of entity xil_defaultlib.pitch_rom [pitch_rom_default]
Compiling architecture behavioral of entity xil_defaultlib.pitch_shift [pitch_shift_default]
Compiling architecture synth of entity cordic_v6_0_24.cordic_inp_config [\cordic_inp_config(p_xdevicefami...]
Compiling architecture synth of entity cordic_v6_0_24.cordic_eng_slice_par [\cordic_eng_slice_par(p_xdevicef...]
Compiling architecture synth of entity cordic_v6_0_24.cordic_eng_slice_par [\cordic_eng_slice_par(p_xdevicef...]
Compiling architecture synth of entity cordic_v6_0_24.cordic_eng_slice_par [\cordic_eng_slice_par(p_xdevicef...]
Compiling architecture synth of entity cordic_v6_0_24.cordic_eng_slice_par [\cordic_eng_slice_par(p_xdevicef...]
Compiling architecture synth of entity cordic_v6_0_24.cordic_eng_slice_par [\cordic_eng_slice_par(p_xdevicef...]
Compiling architecture synth of entity cordic_v6_0_24.cordic_eng_slice_par [\cordic_eng_slice_par(p_xdevicef...]
Compiling architecture synth of entity cordic_v6_0_24.cordic_eng_slice_par [\cordic_eng_slice_par(p_xdevicef...]
Compiling architecture synth of entity cordic_v6_0_24.cordic_eng_slice_par [\cordic_eng_slice_par(p_xdevicef...]
Compiling architecture synth of entity cordic_v6_0_24.cordic_eng_slice_par [\cordic_eng_slice_par(p_xdevicef...]
Compiling architecture synth of entity cordic_v6_0_24.cordic_eng_slice_par [\cordic_eng_slice_par(p_xdevicef...]
Compiling architecture synth of entity cordic_v6_0_24.cordic_eng_slice_par [\cordic_eng_slice_par(p_xdevicef...]
Compiling architecture synth of entity cordic_v6_0_24.cordic_eng_slice_par [\cordic_eng_slice_par(p_xdevicef...]
Compiling architecture synth of entity cordic_v6_0_24.cordic_eng_slice_par [\cordic_eng_slice_par(p_xdevicef...]
Compiling architecture synth of entity cordic_v6_0_24.cordic_eng_slice_par [\cordic_eng_slice_par(p_xdevicef...]
Compiling architecture synth of entity cordic_v6_0_24.cordic_eng_slice_par [\cordic_eng_slice_par(p_xdevicef...]
Compiling architecture synth of entity cordic_v6_0_24.cordic_eng_slice_par [\cordic_eng_slice_par(p_xdevicef...]
Compiling architecture synth of entity cordic_v6_0_24.cordic_eng_slice_par [\cordic_eng_slice_par(p_xdevicef...]
Compiling architecture synth of entity cordic_v6_0_24.cordic_eng_slice_par [\cordic_eng_slice_par(p_xdevicef...]
Compiling architecture synth of entity cordic_v6_0_24.cordic_eng_slice_par [\cordic_eng_slice_par(p_xdevicef...]
Compiling architecture synth of entity cordic_v6_0_24.cordic_eng_slice_par [\cordic_eng_slice_par(p_xdevicef...]
Compiling architecture synth of entity cordic_v6_0_24.cordic_eng_slice_par [\cordic_eng_slice_par(p_xdevicef...]
Compiling architecture synth of entity cordic_v6_0_24.cordic_eng_slice_par [\cordic_eng_slice_par(p_xdevicef...]
Compiling architecture synth of entity cordic_v6_0_24.cordic_eng [\cordic_eng(p_xdevicefamily="art...]
Compiling architecture struct_all of entity cordic_v6_0_24.delay [\delay(delay_len=0,family="artix...]
Compiling architecture synth of entity cordic_v6_0_24.cordic_out_config [\cordic_out_config(p_xdevicefami...]
Compiling architecture synth of entity cordic_v6_0_24.cordic_v6_0_24_synth [\cordic_v6_0_24_synth(c_architec...]
Compiling architecture synth of entity cordic_v6_0_24.cordic_v6_0_24_viv [\cordic_v6_0_24_viv(c_architectu...]
Compiling architecture xilinx of entity cordic_v6_0_24.cordic_v6_0_24 [\cordic_v6_0_24(c_architecture=2...]
Compiling architecture cordic_1_arch of entity xil_defaultlib.cordic_1 [cordic_1_default]
Compiling architecture behavioral of entity xil_defaultlib.rectangular_ifft [\rectangular_ifft(n=24)\]
Compiling architecture structural of entity xil_defaultlib.guitar_pedal [guitar_pedal_default]
Compiling architecture sim of entity xil_defaultlib.guitar_pedal_tb
Built simulation snapshot guitar_pedal_tb_behav
