
*** Running vivado
    with args -log cordic_1.vds -m64 -product Vivado -mode batch -messageDb vivado.pb -notrace -source cordic_1.tcl


****** Vivado v2025.1 (64-bit)
  **** SW Build 6140274 on Wed May 21 22:58:25 MDT 2025
  **** IP Build 6138677 on Thu May 22 03:10:11 MDT 2025
  **** SharedData Build 6139179 on Tue May 20 17:58:58 MDT 2025
  **** Start of session at: Tue Jun  2 11:07:03 2026
    ** Copyright 1986-2022 Xilinx, Inc. All Rights Reserved.
    ** Copyright 2022-2025 Advanced Micro Devices, Inc. All Rights Reserved.

source cordic_1.tcl -notrace
Command: synth_design -top cordic_1 -part xc7a35tcpg236-1 -incremental_mode off -mode out_of_context
Starting synth_design
Attempting to get a license for feature 'Synthesis' and/or device 'xc7a35t'
INFO: [Common 17-349] Got license for feature 'Synthesis' and/or device 'xc7a35t'
INFO: [Device 21-403] Loading part xc7a35tcpg236-1
INFO: [Synth 8-7079] Multithreading enabled for synth_design using a maximum of 7 processes.
INFO: [Synth 8-7078] Launching helper process for spawning children vivado processes
INFO: [Synth 8-7075] Helper process launched with PID 117337
---------------------------------------------------------------------------------
Starting RTL Elaboration : Time (s): cpu = 00:00:04 ; elapsed = 00:00:04 . Memory (MB): peak = 2109.969 ; gain = 441.711 ; free physical = 377 ; free virtual = 17641
---------------------------------------------------------------------------------
INFO: [Synth 8-638] synthesizing module 'cordic_1' [/home/Sol/vhdl_guitar_pedal/hdl/vhdl_guitar_pedal.gen/sources_1/ip/cordic_1/synth/cordic_1.vhd:74]
	Parameter C_ARCHITECTURE bound to: 2 - type: integer 
	Parameter C_CORDIC_FUNCTION bound to: 0 - type: integer 
	Parameter C_COARSE_ROTATE bound to: 1 - type: integer 
	Parameter C_DATA_FORMAT bound to: 0 - type: integer 
	Parameter C_XDEVICEFAMILY bound to: artix7 - type: string 
	Parameter C_HAS_ACLKEN bound to: 0 - type: integer 
	Parameter C_HAS_ACLK bound to: 1 - type: integer 
	Parameter C_HAS_S_AXIS_CARTESIAN bound to: 1 - type: integer 
	Parameter C_HAS_S_AXIS_PHASE bound to: 1 - type: integer 
	Parameter C_HAS_ARESETN bound to: 1 - type: integer 
	Parameter C_INPUT_WIDTH bound to: 24 - type: integer 
	Parameter C_ITERATIONS bound to: 0 - type: integer 
	Parameter C_OUTPUT_WIDTH bound to: 24 - type: integer 
	Parameter C_PHASE_FORMAT bound to: 0 - type: integer 
	Parameter C_PIPELINE_MODE bound to: -2 - type: integer 
	Parameter C_PRECISION bound to: 0 - type: integer 
	Parameter C_ROUND_MODE bound to: 3 - type: integer 
	Parameter C_SCALE_COMP bound to: 3 - type: integer 
	Parameter C_THROTTLE_SCHEME bound to: 3 - type: integer 
	Parameter C_TLAST_RESOLUTION bound to: 1 - type: integer 
	Parameter C_HAS_S_AXIS_PHASE_TUSER bound to: 0 - type: integer 
	Parameter C_HAS_S_AXIS_PHASE_TLAST bound to: 0 - type: integer 
	Parameter C_S_AXIS_PHASE_TDATA_WIDTH bound to: 24 - type: integer 
	Parameter C_S_AXIS_PHASE_TUSER_WIDTH bound to: 1 - type: integer 
	Parameter C_HAS_S_AXIS_CARTESIAN_TUSER bound to: 0 - type: integer 
	Parameter C_HAS_S_AXIS_CARTESIAN_TLAST bound to: 1 - type: integer 
	Parameter C_S_AXIS_CARTESIAN_TDATA_WIDTH bound to: 48 - type: integer 
	Parameter C_S_AXIS_CARTESIAN_TUSER_WIDTH bound to: 1 - type: integer 
	Parameter C_M_AXIS_DOUT_TDATA_WIDTH bound to: 48 - type: integer 
	Parameter C_M_AXIS_DOUT_TUSER_WIDTH bound to: 1 - type: integer 
INFO: [Synth 8-3491] module 'cordic_v6_0_24' declared at '/home/Sol/vhdl_guitar_pedal/hdl/vhdl_guitar_pedal.gen/sources_1/ip/cordic_1/hdl/cordic_v6_0_vh_rfs.vhd:10026' bound to instance 'U0' of component 'cordic_v6_0_24' [/home/Sol/vhdl_guitar_pedal/hdl/vhdl_guitar_pedal.gen/sources_1/ip/cordic_1/synth/cordic_1.vhd:162]
INFO: [Synth 8-256] done synthesizing module 'cordic_1' (0#1) [/home/Sol/vhdl_guitar_pedal/hdl/vhdl_guitar_pedal.gen/sources_1/ip/cordic_1/synth/cordic_1.vhd:74]
WARNING: [Synth 8-7129] Port AINIT in module c_reg_fd_v12_0_10_viv__parameterized4 is either unconnected or has no load
WARNING: [Synth 8-7129] Port ACLR in module c_reg_fd_v12_0_10_viv__parameterized4 is either unconnected or has no load
WARNING: [Synth 8-7129] Port ASET in module c_reg_fd_v12_0_10_viv__parameterized4 is either unconnected or has no load
WARNING: [Synth 8-7129] Port SINIT in module c_reg_fd_v12_0_10_viv__parameterized4 is either unconnected or has no load
WARNING: [Synth 8-7129] Port SSET in module c_reg_fd_v12_0_10_viv__parameterized4 is either unconnected or has no load
WARNING: [Synth 8-7129] Port add in module c_addsub_v12_0_20_lut6_legacy__parameterized5 is either unconnected or has no load
WARNING: [Synth 8-7129] Port bypass in module c_addsub_v12_0_20_lut6_legacy__parameterized5 is either unconnected or has no load
WARNING: [Synth 8-7129] Port sset in module c_addsub_v12_0_20_lut6_legacy__parameterized5 is either unconnected or has no load
WARNING: [Synth 8-7129] Port sinit in module c_addsub_v12_0_20_lut6_legacy__parameterized5 is either unconnected or has no load
WARNING: [Synth 8-7129] Port b_in in module c_addsub_v12_0_20_legacy__parameterized5 is either unconnected or has no load
WARNING: [Synth 8-7129] Port a_signed in module c_addsub_v12_0_20_legacy__parameterized5 is either unconnected or has no load
WARNING: [Synth 8-7129] Port b_signed in module c_addsub_v12_0_20_legacy__parameterized5 is either unconnected or has no load
WARNING: [Synth 8-7129] Port CLK in module delay_line__parameterized7 is either unconnected or has no load
WARNING: [Synth 8-7129] Port CE in module delay_line__parameterized7 is either unconnected or has no load
WARNING: [Synth 8-7129] Port SCLR in module delay_line__parameterized7 is either unconnected or has no load
WARNING: [Synth 8-7129] Port CE in module delay_line__parameterized6 is either unconnected or has no load
WARNING: [Synth 8-7129] Port CE in module delay_line__parameterized5 is either unconnected or has no load
WARNING: [Synth 8-7129] Port CE in module delay_line__parameterized4 is either unconnected or has no load
WARNING: [Synth 8-7129] Port CLK in module delay_line__parameterized3 is either unconnected or has no load
WARNING: [Synth 8-7129] Port CE in module delay_line__parameterized3 is either unconnected or has no load
WARNING: [Synth 8-7129] Port SCLR in module delay_line__parameterized3 is either unconnected or has no load
WARNING: [Synth 8-7129] Port CE in module delay_line__parameterized2 is either unconnected or has no load
WARNING: [Synth 8-7129] Port CE in module delay_line__parameterized1 is either unconnected or has no load
WARNING: [Synth 8-7129] Port CLK in module delay_line is either unconnected or has no load
WARNING: [Synth 8-7129] Port CE in module delay_line is either unconnected or has no load
WARNING: [Synth 8-7129] Port SCLR in module delay_line is either unconnected or has no load
WARNING: [Synth 8-7129] Port CLK in module delay_line__parameterized0 is either unconnected or has no load
WARNING: [Synth 8-7129] Port CE in module delay_line__parameterized0 is either unconnected or has no load
WARNING: [Synth 8-7129] Port SCLR in module delay_line__parameterized0 is either unconnected or has no load
WARNING: [Synth 8-7129] Port D_PORT[24] in module dsp is either unconnected or has no load
WARNING: [Synth 8-7129] Port D_PORT[23] in module dsp is either unconnected or has no load
WARNING: [Synth 8-7129] Port D_PORT[22] in module dsp is either unconnected or has no load
WARNING: [Synth 8-7129] Port D_PORT[21] in module dsp is either unconnected or has no load
WARNING: [Synth 8-7129] Port D_PORT[20] in module dsp is either unconnected or has no load
WARNING: [Synth 8-7129] Port D_PORT[19] in module dsp is either unconnected or has no load
WARNING: [Synth 8-7129] Port D_PORT[18] in module dsp is either unconnected or has no load
WARNING: [Synth 8-7129] Port D_PORT[17] in module dsp is either unconnected or has no load
WARNING: [Synth 8-7129] Port D_PORT[16] in module dsp is either unconnected or has no load
WARNING: [Synth 8-7129] Port D_PORT[15] in module dsp is either unconnected or has no load
WARNING: [Synth 8-7129] Port D_PORT[14] in module dsp is either unconnected or has no load
WARNING: [Synth 8-7129] Port D_PORT[13] in module dsp is either unconnected or has no load
WARNING: [Synth 8-7129] Port D_PORT[12] in module dsp is either unconnected or has no load
WARNING: [Synth 8-7129] Port D_PORT[11] in module dsp is either unconnected or has no load
WARNING: [Synth 8-7129] Port D_PORT[10] in module dsp is either unconnected or has no load
WARNING: [Synth 8-7129] Port D_PORT[9] in module dsp is either unconnected or has no load
WARNING: [Synth 8-7129] Port D_PORT[8] in module dsp is either unconnected or has no load
WARNING: [Synth 8-7129] Port D_PORT[7] in module dsp is either unconnected or has no load
WARNING: [Synth 8-7129] Port D_PORT[6] in module dsp is either unconnected or has no load
WARNING: [Synth 8-7129] Port D_PORT[5] in module dsp is either unconnected or has no load
WARNING: [Synth 8-7129] Port D_PORT[4] in module dsp is either unconnected or has no load
WARNING: [Synth 8-7129] Port D_PORT[3] in module dsp is either unconnected or has no load
WARNING: [Synth 8-7129] Port D_PORT[2] in module dsp is either unconnected or has no load
WARNING: [Synth 8-7129] Port D_PORT[1] in module dsp is either unconnected or has no load
WARNING: [Synth 8-7129] Port D_PORT[0] in module dsp is either unconnected or has no load
WARNING: [Synth 8-7129] Port CARRY_IN in module dsp is either unconnected or has no load
WARNING: [Synth 8-7129] Port B[28] in module ccm is either unconnected or has no load
WARNING: [Synth 8-7129] Port B[27] in module ccm is either unconnected or has no load
WARNING: [Synth 8-7129] Port B[26] in module ccm is either unconnected or has no load
WARNING: [Synth 8-7129] Port B[25] in module ccm is either unconnected or has no load
WARNING: [Synth 8-7129] Port B[24] in module ccm is either unconnected or has no load
WARNING: [Synth 8-7129] Port B[23] in module ccm is either unconnected or has no load
WARNING: [Synth 8-7129] Port B[22] in module ccm is either unconnected or has no load
WARNING: [Synth 8-7129] Port B[21] in module ccm is either unconnected or has no load
WARNING: [Synth 8-7129] Port B[20] in module ccm is either unconnected or has no load
WARNING: [Synth 8-7129] Port B[19] in module ccm is either unconnected or has no load
WARNING: [Synth 8-7129] Port B[18] in module ccm is either unconnected or has no load
WARNING: [Synth 8-7129] Port B[17] in module ccm is either unconnected or has no load
WARNING: [Synth 8-7129] Port B[16] in module ccm is either unconnected or has no load
WARNING: [Synth 8-7129] Port B[15] in module ccm is either unconnected or has no load
WARNING: [Synth 8-7129] Port B[14] in module ccm is either unconnected or has no load
WARNING: [Synth 8-7129] Port B[13] in module ccm is either unconnected or has no load
WARNING: [Synth 8-7129] Port B[12] in module ccm is either unconnected or has no load
WARNING: [Synth 8-7129] Port B[11] in module ccm is either unconnected or has no load
WARNING: [Synth 8-7129] Port B[10] in module ccm is either unconnected or has no load
WARNING: [Synth 8-7129] Port B[9] in module ccm is either unconnected or has no load
WARNING: [Synth 8-7129] Port B[8] in module ccm is either unconnected or has no load
WARNING: [Synth 8-7129] Port B[7] in module ccm is either unconnected or has no load
WARNING: [Synth 8-7129] Port B[6] in module ccm is either unconnected or has no load
WARNING: [Synth 8-7129] Port B[5] in module ccm is either unconnected or has no load
WARNING: [Synth 8-7129] Port B[4] in module ccm is either unconnected or has no load
WARNING: [Synth 8-7129] Port B[3] in module ccm is either unconnected or has no load
WARNING: [Synth 8-7129] Port B[2] in module ccm is either unconnected or has no load
WARNING: [Synth 8-7129] Port B[1] in module ccm is either unconnected or has no load
WARNING: [Synth 8-7129] Port B[0] in module ccm is either unconnected or has no load
WARNING: [Synth 8-7129] Port CE in module mult_gen_v12_0_23_viv is either unconnected or has no load
WARNING: [Synth 8-7129] Port WE in module delay__parameterized6 is either unconnected or has no load
WARNING: [Synth 8-7129] Port CE in module delay__parameterized6 is either unconnected or has no load
WARNING: [Synth 8-7129] Port SCLR in module delay__parameterized6 is either unconnected or has no load
WARNING: [Synth 8-7129] Port CLK in module delay__parameterized6 is either unconnected or has no load
WARNING: [Synth 8-7129] Port CE in module c_reg_fd_v12_0_10_viv__parameterized2 is either unconnected or has no load
WARNING: [Synth 8-7129] Port AINIT in module c_reg_fd_v12_0_10_viv__parameterized2 is either unconnected or has no load
WARNING: [Synth 8-7129] Port ACLR in module c_reg_fd_v12_0_10_viv__parameterized2 is either unconnected or has no load
WARNING: [Synth 8-7129] Port ASET in module c_reg_fd_v12_0_10_viv__parameterized2 is either unconnected or has no load
WARNING: [Synth 8-7129] Port SINIT in module c_reg_fd_v12_0_10_viv__parameterized2 is either unconnected or has no load
WARNING: [Synth 8-7129] Port SSET in module c_reg_fd_v12_0_10_viv__parameterized2 is either unconnected or has no load
WARNING: [Synth 8-7129] Port c_in in module c_addsub_v12_0_20_lut6_legacy__parameterized3 is either unconnected or has no load
WARNING: [Synth 8-7129] Port ce in module c_addsub_v12_0_20_lut6_legacy__parameterized3 is either unconnected or has no load
WARNING: [Synth 8-7129] Port bypass in module c_addsub_v12_0_20_lut6_legacy__parameterized3 is either unconnected or has no load
WARNING: [Synth 8-7129] Port sset in module c_addsub_v12_0_20_lut6_legacy__parameterized3 is either unconnected or has no load
WARNING: [Synth 8-7129] Port sinit in module c_addsub_v12_0_20_lut6_legacy__parameterized3 is either unconnected or has no load
INFO: [Common 17-14] Message 'Synth 8-7129' appears 100 times and further instances of the messages will be disabled. Use the Tcl command set_msg_config to change the current settings.
---------------------------------------------------------------------------------
Finished RTL Elaboration : Time (s): cpu = 00:00:23 ; elapsed = 00:00:24 . Memory (MB): peak = 2729.906 ; gain = 1061.648 ; free physical = 182 ; free virtual = 17179
---------------------------------------------------------------------------------
---------------------------------------------------------------------------------
Start Handling Custom Attributes
---------------------------------------------------------------------------------
---------------------------------------------------------------------------------
Finished Handling Custom Attributes : Time (s): cpu = 00:00:24 ; elapsed = 00:00:24 . Memory (MB): peak = 2738.812 ; gain = 1070.555 ; free physical = 180 ; free virtual = 17178
---------------------------------------------------------------------------------
---------------------------------------------------------------------------------
Finished RTL Optimization Phase 1 : Time (s): cpu = 00:00:24 ; elapsed = 00:00:24 . Memory (MB): peak = 2738.812 ; gain = 1070.555 ; free physical = 180 ; free virtual = 17178
---------------------------------------------------------------------------------
Netlist sorting complete. Time (s): cpu = 00:00:00.18 ; elapsed = 00:00:00.18 . Memory (MB): peak = 2741.781 ; gain = 0.000 ; free physical = 183 ; free virtual = 17187
INFO: [Netlist 29-17] Analyzing 4614 Unisim elements for replacement
INFO: [Netlist 29-28] Unisim Transformation completed in 0 CPU seconds
INFO: [Project 1-570] Preparing netlist for logic optimization

Processing XDC Constraints
Initializing timing engine
Parsing XDC File [/home/Sol/vhdl_guitar_pedal/hdl/vhdl_guitar_pedal.gen/sources_1/ip/cordic_1/cordic_1_ooc.xdc] for cell 'U0'
Finished Parsing XDC File [/home/Sol/vhdl_guitar_pedal/hdl/vhdl_guitar_pedal.gen/sources_1/ip/cordic_1/cordic_1_ooc.xdc] for cell 'U0'
Parsing XDC File [/home/Sol/vhdl_guitar_pedal/hdl/vhdl_guitar_pedal.runs/cordic_1_synth_1/dont_touch.xdc]
Finished Parsing XDC File [/home/Sol/vhdl_guitar_pedal/hdl/vhdl_guitar_pedal.runs/cordic_1_synth_1/dont_touch.xdc]
Completed Processing XDC Constraints

Netlist sorting complete. Time (s): cpu = 00:00:00 ; elapsed = 00:00:00 . Memory (MB): peak = 2810.551 ; gain = 0.000 ; free physical = 310 ; free virtual = 17148
INFO: [Project 1-111] Unisim Transformation Summary:
No Unisim elements were transformed.

Constraint Validation Runtime : Time (s): cpu = 00:00:00.11 ; elapsed = 00:00:00.06 . Memory (MB): peak = 2810.586 ; gain = 0.000 ; free physical = 309 ; free virtual = 17149
INFO: [Designutils 20-5008] Incremental synthesis strategy off
---------------------------------------------------------------------------------
Finished Constraint Validation : Time (s): cpu = 00:00:30 ; elapsed = 00:00:31 . Memory (MB): peak = 2810.586 ; gain = 1142.328 ; free physical = 305 ; free virtual = 17147
---------------------------------------------------------------------------------
---------------------------------------------------------------------------------
Start Loading Part and Timing Information
---------------------------------------------------------------------------------
Loading part: xc7a35tcpg236-1
---------------------------------------------------------------------------------
Finished Loading Part and Timing Information : Time (s): cpu = 00:00:30 ; elapsed = 00:00:31 . Memory (MB): peak = 2818.555 ; gain = 1150.297 ; free physical = 305 ; free virtual = 17147
---------------------------------------------------------------------------------
---------------------------------------------------------------------------------
Start Applying 'set_property' XDC Constraints
---------------------------------------------------------------------------------
---------------------------------------------------------------------------------
Finished applying 'set_property' XDC Constraints : Time (s): cpu = 00:00:30 ; elapsed = 00:00:31 . Memory (MB): peak = 2818.555 ; gain = 1150.297 ; free physical = 305 ; free virtual = 17147
---------------------------------------------------------------------------------
---------------------------------------------------------------------------------
Finished RTL Optimization Phase 2 : Time (s): cpu = 00:00:31 ; elapsed = 00:00:31 . Memory (MB): peak = 2818.555 ; gain = 1150.297 ; free physical = 298 ; free virtual = 17143
---------------------------------------------------------------------------------
---------------------------------------------------------------------------------
Start RTL Component Statistics 
---------------------------------------------------------------------------------
---------------------------------------------------------------------------------
Finished RTL Component Statistics 
---------------------------------------------------------------------------------
---------------------------------------------------------------------------------
Start Part Resource Summary
---------------------------------------------------------------------------------
Part Resources:
DSPs: 90 (col length:60)
BRAMs: 100 (col length: RAMB18 60 RAMB36 30)
---------------------------------------------------------------------------------
Finished Part Resource Summary
---------------------------------------------------------------------------------
---------------------------------------------------------------------------------
Start Cross Boundary and Area Optimization
---------------------------------------------------------------------------------
WARNING: [Synth 8-7080] Parallel synthesis criteria is not met
---------------------------------------------------------------------------------
Finished Cross Boundary and Area Optimization : Time (s): cpu = 00:00:35 ; elapsed = 00:00:36 . Memory (MB): peak = 2818.555 ; gain = 1150.297 ; free physical = 303 ; free virtual = 17150
---------------------------------------------------------------------------------
---------------------------------------------------------------------------------
Start Applying XDC Timing Constraints
---------------------------------------------------------------------------------
---------------------------------------------------------------------------------
Finished Applying XDC Timing Constraints : Time (s): cpu = 00:00:40 ; elapsed = 00:00:41 . Memory (MB): peak = 2818.555 ; gain = 1150.297 ; free physical = 304 ; free virtual = 17158
---------------------------------------------------------------------------------
---------------------------------------------------------------------------------
Start Timing Optimization
---------------------------------------------------------------------------------
---------------------------------------------------------------------------------
Finished Timing Optimization : Time (s): cpu = 00:00:41 ; elapsed = 00:00:42 . Memory (MB): peak = 2818.555 ; gain = 1150.297 ; free physical = 305 ; free virtual = 17159
---------------------------------------------------------------------------------
---------------------------------------------------------------------------------
Start Technology Mapping
---------------------------------------------------------------------------------
---------------------------------------------------------------------------------
Finished Technology Mapping : Time (s): cpu = 00:00:43 ; elapsed = 00:00:44 . Memory (MB): peak = 2818.555 ; gain = 1150.297 ; free physical = 306 ; free virtual = 17160
---------------------------------------------------------------------------------
---------------------------------------------------------------------------------
Start IO Insertion
---------------------------------------------------------------------------------
---------------------------------------------------------------------------------
Start Flattening Before IO Insertion
---------------------------------------------------------------------------------
---------------------------------------------------------------------------------
Finished Flattening Before IO Insertion
---------------------------------------------------------------------------------
---------------------------------------------------------------------------------
Start Final Netlist Cleanup
---------------------------------------------------------------------------------
---------------------------------------------------------------------------------
Finished Final Netlist Cleanup
---------------------------------------------------------------------------------
---------------------------------------------------------------------------------
Finished IO Insertion : Time (s): cpu = 00:00:46 ; elapsed = 00:00:47 . Memory (MB): peak = 2818.555 ; gain = 1150.297 ; free physical = 310 ; free virtual = 17164
---------------------------------------------------------------------------------
---------------------------------------------------------------------------------
Start Renaming Generated Instances
---------------------------------------------------------------------------------
---------------------------------------------------------------------------------
Finished Renaming Generated Instances : Time (s): cpu = 00:00:46 ; elapsed = 00:00:47 . Memory (MB): peak = 2818.555 ; gain = 1150.297 ; free physical = 310 ; free virtual = 17164
---------------------------------------------------------------------------------
---------------------------------------------------------------------------------
Start Rebuilding User Hierarchy
---------------------------------------------------------------------------------
---------------------------------------------------------------------------------
Finished Rebuilding User Hierarchy : Time (s): cpu = 00:00:46 ; elapsed = 00:00:47 . Memory (MB): peak = 2818.555 ; gain = 1150.297 ; free physical = 309 ; free virtual = 17163
---------------------------------------------------------------------------------
---------------------------------------------------------------------------------
Start Renaming Generated Ports
---------------------------------------------------------------------------------
---------------------------------------------------------------------------------
Finished Renaming Generated Ports : Time (s): cpu = 00:00:46 ; elapsed = 00:00:47 . Memory (MB): peak = 2818.555 ; gain = 1150.297 ; free physical = 309 ; free virtual = 17163
---------------------------------------------------------------------------------
---------------------------------------------------------------------------------
Start Handling Custom Attributes
---------------------------------------------------------------------------------
---------------------------------------------------------------------------------
Finished Handling Custom Attributes : Time (s): cpu = 00:00:46 ; elapsed = 00:00:47 . Memory (MB): peak = 2818.555 ; gain = 1150.297 ; free physical = 309 ; free virtual = 17163
---------------------------------------------------------------------------------
---------------------------------------------------------------------------------
Start Renaming Generated Nets
---------------------------------------------------------------------------------
---------------------------------------------------------------------------------
Finished Renaming Generated Nets : Time (s): cpu = 00:00:46 ; elapsed = 00:00:48 . Memory (MB): peak = 2818.555 ; gain = 1150.297 ; free physical = 309 ; free virtual = 17163
---------------------------------------------------------------------------------
---------------------------------------------------------------------------------
Start Writing Synthesis Report
---------------------------------------------------------------------------------

DSP Final Report (the ' indicates corresponding REG is set)
+------------+------------------------+--------+--------+--------+--------+--------+------+------+------+------+-------+------+------+
|Module Name | DSP Mapping            | A Size | B Size | C Size | D Size | P Size | AREG | BREG | CREG | DREG | ADREG | MREG | PREG | 
+------------+------------------------+--------+--------+--------+--------+--------+------+------+------+------+-------+------+------+
|dsp_10      | (C+(A'*B')')'          | 17     | 16     | 0      | -      | 17     | 1    | 1    | 0    | -    | -     | 1    | 1    | 
|dsp_10      | (PCIN>>17+(A'*B'')')'  | 0      | 10     | -      | -      | 0      | 1    | 2    | -    | -    | -     | 1    | 1    | 
|dsp_10      | (PCIN+((A'')'*B'')')'  | 25     | 16     | -      | -      | 17     | 2    | 2    | -    | -    | 1     | 1    | 1    | 
|dsp_10      | (PCIN>>17+(A''*B'')')' | 0      | 10     | -      | -      | 43     | 2    | 2    | -    | -    | -     | 1    | 1    | 
|dsp         | (C+(A'*B')')'          | 17     | 16     | 0      | -      | 17     | 1    | 1    | 0    | -    | -     | 1    | 1    | 
|dsp         | (PCIN>>17+(A'*B'')')'  | 0      | 10     | -      | -      | 0      | 1    | 2    | -    | -    | -     | 1    | 1    | 
|dsp         | (PCIN+((A'')'*B'')')'  | 25     | 16     | -      | -      | 17     | 2    | 2    | -    | -    | 1     | 1    | 1    | 
|dsp         | (PCIN>>17+(A''*B'')')' | 0      | 10     | -      | -      | 43     | 2    | 2    | -    | -    | -     | 1    | 1    | 
+------------+------------------------+--------+--------+--------+--------+--------+------+------+------+------+-------+------+------+


Report BlackBoxes: 
+-+--------------+----------+
| |BlackBox name |Instances |
+-+--------------+----------+
+-+--------------+----------+

Report Cell Usage: 
+------+--------+------+
|      |Cell    |Count |
+------+--------+------+
|1     |DSP48E1 |     8|
|5     |LUT1    |   129|
|6     |LUT2    |   845|
|7     |LUT3    |  1334|
|8     |LUT4    |    48|
|9     |LUT5    |     8|
|10    |LUT6    |    23|
|11    |MUXCY   |  2158|
|12    |SRLC32E |     5|
|13    |XORCY   |  2083|
|14    |FDRE    |  2388|
+------+--------+------+
---------------------------------------------------------------------------------
Finished Writing Synthesis Report : Time (s): cpu = 00:00:46 ; elapsed = 00:00:48 . Memory (MB): peak = 2818.555 ; gain = 1150.297 ; free physical = 309 ; free virtual = 17163
---------------------------------------------------------------------------------
Synthesis finished with 0 errors, 0 critical warnings and 456 warnings.
Synthesis Optimization Runtime : Time (s): cpu = 00:00:44 ; elapsed = 00:00:45 . Memory (MB): peak = 2818.555 ; gain = 1078.523 ; free physical = 309 ; free virtual = 17163
Synthesis Optimization Complete : Time (s): cpu = 00:00:46 ; elapsed = 00:00:48 . Memory (MB): peak = 2818.562 ; gain = 1150.297 ; free physical = 309 ; free virtual = 17163
INFO: [Project 1-571] Translating synthesized netlist
Netlist sorting complete. Time (s): cpu = 00:00:00.12 ; elapsed = 00:00:00.13 . Memory (MB): peak = 2818.562 ; gain = 0.000 ; free physical = 442 ; free virtual = 17325
INFO: [Netlist 29-17] Analyzing 4249 Unisim elements for replacement
INFO: [Netlist 29-28] Unisim Transformation completed in 0 CPU seconds
INFO: [Project 1-570] Preparing netlist for logic optimization
INFO: [Opt 31-138] Pushed 0 inverter(s) to 0 load pin(s).
Netlist sorting complete. Time (s): cpu = 00:00:00 ; elapsed = 00:00:00 . Memory (MB): peak = 2874.582 ; gain = 0.000 ; free physical = 439 ; free virtual = 17327
INFO: [Project 1-111] Unisim Transformation Summary:
  A total of 616 instances were transformed.
  (MUXCY,XORCY) => CARRY4: 616 instances

Synth Design complete | Checksum: 54734466
INFO: [Common 17-83] Releasing license: Synthesis
21 Infos, 101 Warnings, 0 Critical Warnings and 0 Errors encountered.
synth_design completed successfully
synth_design: Time (s): cpu = 00:00:54 ; elapsed = 00:00:52 . Memory (MB): peak = 2874.617 ; gain = 1311.727 ; free physical = 439 ; free virtual = 17327
INFO: [Common 17-2834] synth_design peak Physical Memory [PSS] (MB): overall = 2226.673; main = 2008.431; forked = 276.000
INFO: [Common 17-2834] synth_design peak Virtual Memory [VSS] (MB): overall = 3776.254; main = 2874.586; forked = 957.695
Write ShapeDB Complete: Time (s): cpu = 00:00:00.03 ; elapsed = 00:00:00.01 . Memory (MB): peak = 2898.594 ; gain = 0.000 ; free physical = 437 ; free virtual = 17327
INFO: [Common 17-1381] The checkpoint '/home/Sol/vhdl_guitar_pedal/hdl/vhdl_guitar_pedal.runs/cordic_1_synth_1/cordic_1.dcp' has been generated.
INFO: [Coretcl 2-1648] Added synthesis output to IP cache for IP cordic_1, cache-ID = 85516ca65ef4faf3
INFO: [Coretcl 2-1174] Renamed 566 cell refs.
Write ShapeDB Complete: Time (s): cpu = 00:00:00.04 ; elapsed = 00:00:00.01 . Memory (MB): peak = 2898.594 ; gain = 0.000 ; free physical = 427 ; free virtual = 17329
INFO: [Common 17-1381] The checkpoint '/home/Sol/vhdl_guitar_pedal/hdl/vhdl_guitar_pedal.runs/cordic_1_synth_1/cordic_1.dcp' has been generated.
INFO: [Vivado 12-24828] Executing command : report_utilization -file cordic_1_utilization_synth.rpt -pb cordic_1_utilization_synth.pb
INFO: [Common 17-206] Exiting Vivado at Tue Jun  2 11:08:03 2026...
